Archive member included to satisfy reference by file (symbol)

/Applications/ArmGNUToolchain/13.2.Rel1/arm-none-eabi/bin/../lib/gcc/arm-none-eabi/13.2.1/thumb/v6-m/nofp/libgcc.a(_dvmd_tls.o)
                              CMakeFiles/servo.dir/Users/michaelshipman/Developer/GHOUL/2024-Firmware/2024.0/pico-sdk/src/rp2_common/pico_divider/divider.S.obj (__aeabi_idiv0)
/Applications/ArmGNUToolchain/13.2.Rel1/arm-none-eabi/bin/../lib/gcc/arm-none-eabi/13.2.1/../../../../arm-none-eabi/lib/thumb/v6-m/nofp/libc.a(libc_a-calloc.o)
                              CMakeFiles/servo.dir/Users/michaelshipman/Developer/GHOUL/2024-Firmware/2024.0/pico-sdk/src/rp2_common/pico_malloc/pico_malloc.c.obj (calloc)
/Applications/ArmGNUToolchain/13.2.Rel1/arm-none-eabi/bin/../lib/gcc/arm-none-eabi/13.2.1/../../../../arm-none-eabi/lib/thumb/v6-m/nofp/libc.a(libc_a-callocr.o)
                              /Applications/ArmGNUToolchain/13.2.Rel1/arm-none-eabi/bin/../lib/gcc/arm-none-eabi/13.2.1/../../../../arm-none-eabi/lib/thumb/v6-m/nofp/libc.a(libc_a-calloc.o) (_calloc_r)
/Applications/ArmGNUToolchain/13.2.Rel1/arm-none-eabi/bin/../lib/gcc/arm-none-eabi/13.2.1/../../../../arm-none-eabi/lib/thumb/v6-m/nofp/libc.a(libc_a-malloc.o)
                              CMakeFiles/servo.dir/Users/michaelshipman/Developer/GHOUL/2024-Firmware/2024.0/pico-sdk/src/rp2_common/pico_malloc/pico_malloc.c.obj (malloc)
/Applications/ArmGNUToolchain/13.2.Rel1/arm-none-eabi/bin/../lib/gcc/arm-none-eabi/13.2.1/../../../../arm-none-eabi/lib/thumb/v6-m/nofp/libc.a(libc_a-mallocr.o)
                              /Applications/ArmGNUToolchain/13.2.Rel1/arm-none-eabi/bin/../lib/gcc/arm-none-eabi/13.2.1/../../../../arm-none-eabi/lib/thumb/v6-m/nofp/libc.a(libc_a-callocr.o) (_malloc_r)
/Applications/ArmGNUToolchain/13.2.Rel1/arm-none-eabi/bin/../lib/gcc/arm-none-eabi/13.2.1/../../../../arm-none-eabi/lib/thumb/v6-m/nofp/libc.a(libc_a-mlock.o)
                              /Applications/ArmGNUToolchain/13.2.Rel1/arm-none-eabi/bin/../lib/gcc/arm-none-eabi/13.2.1/../../../../arm-none-eabi/lib/thumb/v6-m/nofp/libc.a(libc_a-mallocr.o) (__malloc_lock)
/Applications/ArmGNUToolchain/13.2.Rel1/arm-none-eabi/bin/../lib/gcc/arm-none-eabi/13.2.1/../../../../arm-none-eabi/lib/thumb/v6-m/nofp/libc.a(libc_a-realloc.o)
                              CMakeFiles/servo.dir/Users/michaelshipman/Developer/GHOUL/2024-Firmware/2024.0/pico-sdk/src/rp2_common/pico_malloc/pico_malloc.c.obj (realloc)
/Applications/ArmGNUToolchain/13.2.Rel1/arm-none-eabi/bin/../lib/gcc/arm-none-eabi/13.2.1/../../../../arm-none-eabi/lib/thumb/v6-m/nofp/libc.a(libc_a-reallocr.o)
                              /Applications/ArmGNUToolchain/13.2.Rel1/arm-none-eabi/bin/../lib/gcc/arm-none-eabi/13.2.1/../../../../arm-none-eabi/lib/thumb/v6-m/nofp/libc.a(libc_a-realloc.o) (_realloc_r)
/Applications/ArmGNUToolchain/13.2.Rel1/arm-none-eabi/bin/../lib/gcc/arm-none-eabi/13.2.1/../../../../arm-none-eabi/lib/thumb/v6-m/nofp/libc.a(libc_a-memmove.o)
                              /Applications/ArmGNUToolchain/13.2.Rel1/arm-none-eabi/bin/../lib/gcc/arm-none-eabi/13.2.1/../../../../arm-none-eabi/lib/thumb/v6-m/nofp/libc.a(libc_a-reallocr.o) (memmove)
/Applications/ArmGNUToolchain/13.2.Rel1/arm-none-eabi/bin/../lib/gcc/arm-none-eabi/13.2.1/../../../../arm-none-eabi/lib/thumb/v6-m/nofp/libc.a(libc_a-impure.o)
                              /Applications/ArmGNUToolchain/13.2.Rel1/arm-none-eabi/bin/../lib/gcc/arm-none-eabi/13.2.1/../../../../arm-none-eabi/lib/thumb/v6-m/nofp/libc.a(libc_a-calloc.o) (_impure_ptr)
/Applications/ArmGNUToolchain/13.2.Rel1/arm-none-eabi/bin/../lib/gcc/arm-none-eabi/13.2.1/../../../../arm-none-eabi/lib/thumb/v6-m/nofp/libc.a(libc_a-sbrkr.o)
                              /Applications/ArmGNUToolchain/13.2.Rel1/arm-none-eabi/bin/../lib/gcc/arm-none-eabi/13.2.1/../../../../arm-none-eabi/lib/thumb/v6-m/nofp/libc.a(libc_a-mallocr.o) (_sbrk_r)
/Applications/ArmGNUToolchain/13.2.Rel1/arm-none-eabi/bin/../lib/gcc/arm-none-eabi/13.2.1/../../../../arm-none-eabi/lib/thumb/v6-m/nofp/libc.a(libc_a-errno.o)
                              /Applications/ArmGNUToolchain/13.2.Rel1/arm-none-eabi/bin/../lib/gcc/arm-none-eabi/13.2.1/../../../../arm-none-eabi/lib/thumb/v6-m/nofp/libc.a(libc_a-callocr.o) (__errno)
/Applications/ArmGNUToolchain/13.2.Rel1/arm-none-eabi/bin/../lib/gcc/arm-none-eabi/13.2.1/../../../../arm-none-eabi/lib/thumb/v6-m/nofp/libc.a(libc_a-sysconf.o)
                              /Applications/ArmGNUToolchain/13.2.Rel1/arm-none-eabi/bin/../lib/gcc/arm-none-eabi/13.2.1/../../../../arm-none-eabi/lib/thumb/v6-m/nofp/libc.a(libc_a-mallocr.o) (sysconf)
/Applications/ArmGNUToolchain/13.2.Rel1/arm-none-eabi/bin/../lib/gcc/arm-none-eabi/13.2.1/../../../../arm-none-eabi/lib/thumb/v6-m/nofp/libc.a(libc_a-init.o)
                              /Applications/ArmGNUToolchain/13.2.Rel1/arm-none-eabi/bin/../lib/gcc/arm-none-eabi/13.2.1/../../../../arm-none-eabi/lib/thumb/v6-m/nofp/crt0.o (__libc_init_array)
[...]
Memory Configuration

Name             Origin             Length             Attributes
FLASH            0x10000000         0x00200000         xr
RAM              0x20000000         0x00040000         xrw
SCRATCH_X        0x20040000         0x00001000         xrw
SCRATCH_Y        0x20041000         0x00001000         xrw
*default*        0x00000000         0xffffffff

Linker script and memory map

LOAD /Applications/ArmGNUToolchain/13.2.Rel1/arm-none-eabi/bin/../lib/gcc/arm-none-eabi/13.2.1/thumb/v6-m/nofp/crti.o
LOAD /Applications/ArmGNUToolchain/13.2.Rel1/arm-none-eabi/bin/../lib/gcc/arm-none-eabi/13.2.1/thumb/v6-m/nofp/crtbegin.o
LOAD /Applications/ArmGNUToolchain/13.2.Rel1/arm-none-eabi/bin/../lib/gcc/arm-none-eabi/13.2.1/../../../../arm-none-eabi/lib/thumb/v6-m/nofp/crt0.o

.flash_begin    0x10000000        0x0
                0x10000000                        __flash_binary_start = .

.boot2          0x10000000      0x100
                0x10000000                        __boot2_start__ = .
 *(.boot2)
 .boot2         0x10000000      0x100 /var/folders/n7/t1959y0j4_gczygmz5tcw0qc0000gn/T//ccRJcbUM.o
                0x10000100                        __boot2_end__ = .
                0x00000001                        ASSERT (((__boot2_end__ - __boot2_start__) == 0x100), ERROR: Pico second stage bootloader must be 256 bytes in size)

.text           0x10000100     0x5270
                0x10000100                        __logical_binary_start = .
 *(.vectors)
 .vectors       0x10000100       0xd4 CMakeFiles/servo.dir/Users/michaelshipman/Developer/GHOUL/2024-Firmware/2024.0/pico-sdk/src/rp2_common/pico_standard_link/crt0.S.obj
                0x10000100                __VECTOR_TABLE
                0x10000100                __vectors
                0x100001c0                __default_isrs_start
                0x100001c0                isr_invalid
                0x100001c2                isr_nmi
                0x100001c4                isr_hardfault
                0x100001c6                isr_svcall
                0x100001c8                isr_pendsv
                0x100001ca                isr_systick
                0x100001cc                isr_irq28
                0x100001cc                isr_irq19
                0x100001cc                isr_irq0
                0x100001cc                isr_irq6
                0x100001cc                isr_irq22
                0x100001cc                isr_irq17
                0x100001cc                isr_irq14
                0x100001cc                isr_irq2
                0x100001cc                isr_irq10
                0x100001cc                isr_irq8
                0x100001cc                isr_irq24
                0x100001cc                isr_irq1
                0x100001cc                isr_irq7
                0x100001cc                isr_irq21
                0x100001cc                isr_irq20
                0x100001cc                isr_irq15
                0x100001cc                isr_irq25
                0x100001cc                isr_irq4
                0x100001cc                isr_irq16
                0x100001cc                isr_irq29
                0x100001cc                isr_irq26
                0x100001cc                __default_isrs_end
                0x100001cc                isr_irq3
                0x100001cc                isr_irq9
                0x100001cc                __unhandled_user_irq
                0x100001cc                isr_irq13
                0x100001cc                isr_irq27
                0x100001cc                isr_irq31
                0x100001cc                isr_irq5
                0x100001cc                isr_irq11
                0x100001cc                isr_irq23
                0x100001cc                isr_irq18
                0x100001cc                isr_irq30
                0x100001cc                isr_irq12
                0x100001d2                unhandled_user_irq_num_in_r0
 *(.binary_info_header)
 .binary_info_header
                0x100001d4       0x14 CMakeFiles/servo.dir/Users/michaelshipman/Developer/GHOUL/2024-Firmware/2024.0/pico-sdk/src/rp2_common/pico_standard_link/crt0.S.obj
                0x100001e8                        __binary_info_header_end = .
 *(.reset)
 .reset         0x100001e8       0xa0 CMakeFiles/servo.dir/Users/michaelshipman/Developer/GHOUL/2024-Firmware/2024.0/pico-sdk/src/rp2_common/pico_standard_link/crt0.S.obj
                0x100001e8                _entry_point
 .reset         0x10000288       0x30 CMakeFiles/servo.dir/Users/michaelshipman/Developer/GHOUL/2024-Firmware/2024.0/pico-sdk/src/rp2_common/pico_standard_link/binary_info.c.obj
 *(.init)
 .init          0x100002b8        0x4 /Applications/ArmGNUToolchain/13.2.Rel1/arm-none-eabi/bin/../lib/gcc/arm-none-eabi/13.2.1/thumb/v6-m/nofp/crti.o
                0x100002b8                _init
 *(EXCLUDE_FILE(*libm.a: *libc.a:*lib_a-mem*.o *libgcc.a:) .text*)
 .text.register_tm_clones
                0x100002bc       0x28 /Applications/ArmGNUToolchain/13.2.Rel1/arm-none-eabi/bin/../lib/gcc/arm-none-eabi/13.2.1/thumb/v6-m/nofp/crtbegin.o
 .text.frame_dummy
                0x100002e4       0x24 /Applications/ArmGNUToolchain/13.2.Rel1/arm-none-eabi/bin/../lib/gcc/arm-none-eabi/13.2.1/thumb/v6-m/nofp/crtbegin.o
 .text.startup.main
                0x10000308       0x50 CMakeFiles/servo.dir/test.c.obj
                0x10000308                main
 .text.vent_servo_set_pulse_width.constprop.0.isra.0
                0x10000358       0xa4 CMakeFiles/servo.dir/Users/michaelshipman/Developer/GHOUL/2024-Firmware/2024.0/vent-servo.c.obj
 .text.setup_vent_servo
                0x100003fc       0x88 CMakeFiles/servo.dir/Users/michaelshipman/Developer/GHOUL/2024-Firmware/2024.0/vent-servo.c.obj
                0x100003fc                setup_vent_servo
 .text.vent_servo_open
                0x10000484      0x154 CMakeFiles/servo.dir/Users/michaelshipman/Developer/GHOUL/2024-Firmware/2024.0/vent-servo.c.obj
                0x10000484                vent_servo_open
 .text.vent_servo_close
                0x100005d8      0x154 CMakeFiles/servo.dir/Users/michaelshipman/Developer/GHOUL/2024-Firmware/2024.0/vent-servo.c.obj
                0x100005d8                vent_servo_close
 .text.set_sys_clock_48mhz
                0x1000072c       0x40 CMakeFiles/servo.dir/Users/michaelshipman/Developer/GHOUL/2024-Firmware/2024.0/pico-sdk/src/rp2_common/pico_stdlib/stdlib.c.obj
                0x1000072c                set_sys_clock_48mhz
 .text.gpio_set_function
                0x1000076c       0x30 CMakeFiles/servo.dir/Users/michaelshipman/Developer/GHOUL/2024-Firmware/2024.0/pico-sdk/src/rp2_common/hardware_gpio/gpio.c.obj
                0x1000076c                gpio_set_function
 .text.gpio_set_outover
                0x1000079c       0x24 CMakeFiles/servo.dir/Users/michaelshipman/Developer/GHOUL/2024-Firmware/2024.0/pico-sdk/src/rp2_common/hardware_gpio/gpio.c.obj
                0x1000079c                gpio_set_outover
 .text.running_on_fpga
                0x100007c0       0x10 CMakeFiles/servo.dir/Users/michaelshipman/Developer/GHOUL/2024-Firmware/2024.0/pico-sdk/src/rp2_common/pico_platform/platform.c.obj
                0x100007c0                running_on_fpga
 .text.hw_claim_or_assert
                0x100007d0       0x44 CMakeFiles/servo.dir/Users/michaelshipman/Developer/GHOUL/2024-Firmware/2024.0/pico-sdk/src/rp2_common/hardware_claim/claim.c.obj
                0x100007d0                hw_claim_or_assert
 .text.hw_claim_unused_from_range
                0x10000814       0x9c CMakeFiles/servo.dir/Users/michaelshipman/Developer/GHOUL/2024-Firmware/2024.0/pico-sdk/src/rp2_common/hardware_claim/claim.c.obj
                0x10000814                hw_claim_unused_from_range
 .text.spin_locks_reset
                0x100008b0       0x1c CMakeFiles/servo.dir/Users/michaelshipman/Developer/GHOUL/2024-Firmware/2024.0/pico-sdk/src/rp2_common/hardware_sync/sync.c.obj
                0x100008b0                spin_locks_reset
 .text.next_striped_spin_lock_num
                0x100008cc       0x18 CMakeFiles/servo.dir/Users/michaelshipman/Developer/GHOUL/2024-Firmware/2024.0/pico-sdk/src/rp2_common/hardware_sync/sync.c.obj
                0x100008cc                next_striped_spin_lock_num
 .text.spin_lock_claim_unused
                0x100008e4       0x24 CMakeFiles/servo.dir/Users/michaelshipman/Developer/GHOUL/2024-Firmware/2024.0/pico-sdk/src/rp2_common/hardware_sync/sync.c.obj
                0x100008e4                spin_lock_claim_unused
 .text.irq_set_enabled
                0x10000908       0x24 CMakeFiles/servo.dir/Users/michaelshipman/Developer/GHOUL/2024-Firmware/2024.0/pico-sdk/src/rp2_common/hardware_irq/irq.c.obj
                0x10000908                irq_set_enabled
 .text.irq_set_pending
                0x1000092c       0x10 CMakeFiles/servo.dir/Users/michaelshipman/Developer/GHOUL/2024-Firmware/2024.0/pico-sdk/src/rp2_common/hardware_irq/irq.c.obj
                0x1000092c                irq_set_pending
 .text.irq_has_shared_handler
                0x1000093c       0x2c CMakeFiles/servo.dir/Users/michaelshipman/Developer/GHOUL/2024-Firmware/2024.0/pico-sdk/src/rp2_common/hardware_irq/irq.c.obj
                0x1000093c                irq_has_shared_handler
 .text.irq_get_vtable_handler
                0x10000968       0x10 CMakeFiles/servo.dir/Users/michaelshipman/Developer/GHOUL/2024-Firmware/2024.0/pico-sdk/src/rp2_common/hardware_irq/irq.c.obj
                0x10000968                irq_get_vtable_handler
 .text.irq_set_exclusive_handler
                0x10000978       0x54 CMakeFiles/servo.dir/Users/michaelshipman/Developer/GHOUL/2024-Firmware/2024.0/pico-sdk/src/rp2_common/hardware_irq/irq.c.obj
                0x10000978                irq_set_exclusive_handler
 .text.irq_add_shared_handler
                0x100009cc      0x1f4 CMakeFiles/servo.dir/Users/michaelshipman/Developer/GHOUL/2024-Firmware/2024.0/pico-sdk/src/rp2_common/hardware_irq/irq.c.obj
                0x100009cc                irq_add_shared_handler
 .text.irq_remove_handler
                0x10000bc0      0x1c4 CMakeFiles/servo.dir/Users/michaelshipman/Developer/GHOUL/2024-Firmware/2024.0/pico-sdk/src/rp2_common/hardware_irq/irq.c.obj
                0x10000bc0                irq_remove_handler
 .text.irq_add_tail_to_free_list
                0x10000d84       0xb4 CMakeFiles/servo.dir/Users/michaelshipman/Developer/GHOUL/2024-Firmware/2024.0/pico-sdk/src/rp2_common/hardware_irq/irq.c.obj
                0x10000d84                irq_add_tail_to_free_list
 .text.irq_init_priorities
                0x10000e38       0x24 CMakeFiles/servo.dir/Users/michaelshipman/Developer/GHOUL/2024-Firmware/2024.0/pico-sdk/src/rp2_common/hardware_irq/irq.c.obj
                0x10000e38                irq_init_priorities
 .text.user_irq_claim_unused
                0x10000e5c       0x2c CMakeFiles/servo.dir/Users/michaelshipman/Developer/GHOUL/2024-Firmware/2024.0/pico-sdk/src/rp2_common/hardware_irq/irq.c.obj
                0x10000e5c                user_irq_claim_unused
 .text.lock_init
                0x10000e88       0x10 CMakeFiles/servo.dir/Users/michaelshipman/Developer/GHOUL/2024-Firmware/2024.0/pico-sdk/src/common/pico_sync/lock_core.c.obj
                0x10000e88                lock_init
 .text.mutex_init
                0x10000e98       0x1c CMakeFiles/servo.dir/Users/michaelshipman/Developer/GHOUL/2024-Firmware/2024.0/pico-sdk/src/common/pico_sync/mutex.c.obj
                0x10000e98                mutex_init
 .text.recursive_mutex_init
                0x10000eb4       0x1c CMakeFiles/servo.dir/Users/michaelshipman/Developer/GHOUL/2024-Firmware/2024.0/pico-sdk/src/common/pico_sync/mutex.c.obj
                0x10000eb4                recursive_mutex_init
 .text.critical_section_init
                0x10000ed0       0x1c CMakeFiles/servo.dir/Users/michaelshipman/Developer/GHOUL/2024-Firmware/2024.0/pico-sdk/src/common/pico_sync/critical_section.c.obj
                0x10000ed0                critical_section_init
 .text.critical_section_init_with_lock_num
                0x10000eec       0x14 CMakeFiles/servo.dir/Users/michaelshipman/Developer/GHOUL/2024-Firmware/2024.0/pico-sdk/src/common/pico_sync/critical_section.c.obj
                0x10000eec                critical_section_init_with_lock_num
 .text.timer_pool_entry_comparator
                0x10000f00       0x34 CMakeFiles/servo.dir/Users/michaelshipman/Developer/GHOUL/2024-Firmware/2024.0/pico-sdk/src/common/pico_time/time.c.obj
                0x10000f00                timer_pool_entry_comparator
 .text.sleep_until_callback
                0x10000f34       0x30 CMakeFiles/servo.dir/Users/michaelshipman/Developer/GHOUL/2024-Firmware/2024.0/pico-sdk/src/common/pico_time/time.c.obj
 .text.add_alarm_under_lock.isra.0
                0x10000f64      0x100 CMakeFiles/servo.dir/Users/michaelshipman/Developer/GHOUL/2024-Firmware/2024.0/pico-sdk/src/common/pico_time/time.c.obj
 .text.alarm_pool_alarm_callback
                0x10001064      0x1c0 CMakeFiles/servo.dir/Users/michaelshipman/Developer/GHOUL/2024-Firmware/2024.0/pico-sdk/src/common/pico_time/time.c.obj
 .text.alarm_pool_init_default
                0x10001224       0x6c CMakeFiles/servo.dir/Users/michaelshipman/Developer/GHOUL/2024-Firmware/2024.0/pico-sdk/src/common/pico_time/time.c.obj
                0x10001224                alarm_pool_init_default
 .text.alarm_pool_get_default
                0x10001290        0x8 CMakeFiles/servo.dir/Users/michaelshipman/Developer/GHOUL/2024-Firmware/2024.0/pico-sdk/src/common/pico_time/time.c.obj
                0x10001290                alarm_pool_get_default
 .text.alarm_pool_add_alarm_at
                0x10001298      0x17c CMakeFiles/servo.dir/Users/michaelshipman/Developer/GHOUL/2024-Firmware/2024.0/pico-sdk/src/common/pico_time/time.c.obj
                0x10001298                alarm_pool_add_alarm_at
 .text.alarm_pool_core_num
                0x10001414        0x4 CMakeFiles/servo.dir/Users/michaelshipman/Developer/GHOUL/2024-Firmware/2024.0/pico-sdk/src/common/pico_time/time.c.obj
                0x10001414                alarm_pool_core_num
 .text.sleep_until
                0x10001418       0xc4 CMakeFiles/servo.dir/Users/michaelshipman/Developer/GHOUL/2024-Firmware/2024.0/pico-sdk/src/common/pico_time/time.c.obj
                0x10001418                sleep_until
 .text.sleep_ms
                0x100014dc       0x38 CMakeFiles/servo.dir/Users/michaelshipman/Developer/GHOUL/2024-Firmware/2024.0/pico-sdk/src/common/pico_time/time.c.obj
                0x100014dc                sleep_ms
 .text.best_effort_wfe_or_timeout
                0x10001514       0xcc CMakeFiles/servo.dir/Users/michaelshipman/Developer/GHOUL/2024-Firmware/2024.0/pico-sdk/src/common/pico_time/time.c.obj
                0x10001514                best_effort_wfe_or_timeout
 .text.hardware_alarm_irq_handler
                0x100015e0       0xbc CMakeFiles/servo.dir/Users/michaelshipman/Developer/GHOUL/2024-Firmware/2024.0/pico-sdk/src/rp2_common/hardware_timer/timer.c.obj
 .text.hardware_alarm_claim
                0x1000169c       0x18 CMakeFiles/servo.dir/Users/michaelshipman/Developer/GHOUL/2024-Firmware/2024.0/pico-sdk/src/rp2_common/hardware_timer/timer.c.obj
                0x1000169c                hardware_alarm_claim
 .text.time_us_64
                0x100016b4       0x14 CMakeFiles/servo.dir/Users/michaelshipman/Developer/GHOUL/2024-Firmware/2024.0/pico-sdk/src/rp2_common/hardware_timer/timer.c.obj
                0x100016b4                time_us_64
 .text.busy_wait_us
                0x100016c8       0x68 CMakeFiles/servo.dir/Users/michaelshipman/Developer/GHOUL/2024-Firmware/2024.0/pico-sdk/src/rp2_common/hardware_timer/timer.c.obj
                0x100016c8                busy_wait_us
 .text.busy_wait_until
                0x10001730       0x20 CMakeFiles/servo.dir/Users/michaelshipman/Developer/GHOUL/2024-Firmware/2024.0/pico-sdk/src/rp2_common/hardware_timer/timer.c.obj
                0x10001730                busy_wait_until
 .text.hardware_alarm_set_callback
                0x10001750       0x8c CMakeFiles/servo.dir/Users/michaelshipman/Developer/GHOUL/2024-Firmware/2024.0/pico-sdk/src/rp2_common/hardware_timer/timer.c.obj
                0x10001750                hardware_alarm_set_callback
 .text.hardware_alarm_set_target
                0x100017dc       0xd0 CMakeFiles/servo.dir/Users/michaelshipman/Developer/GHOUL/2024-Firmware/2024.0/pico-sdk/src/rp2_common/hardware_timer/timer.c.obj
                0x100017dc                hardware_alarm_set_target
 .text.hardware_alarm_cancel
                0x100018ac       0x3c CMakeFiles/servo.dir/Users/michaelshipman/Developer/GHOUL/2024-Firmware/2024.0/pico-sdk/src/rp2_common/hardware_timer/timer.c.obj
                0x100018ac                hardware_alarm_cancel
 .text.ph_merge_nodes
                0x100018e8       0x58 CMakeFiles/servo.dir/Users/michaelshipman/Developer/GHOUL/2024-Firmware/2024.0/pico-sdk/src/common/pico_util/pheap.c.obj
 .text.ph_post_alloc_init
                0x10001940       0x3c CMakeFiles/servo.dir/Users/michaelshipman/Developer/GHOUL/2024-Firmware/2024.0/pico-sdk/src/common/pico_util/pheap.c.obj
                0x10001940                ph_post_alloc_init
 .text.ph_merge_two_pass
                0x1000197c       0x8c CMakeFiles/servo.dir/Users/michaelshipman/Developer/GHOUL/2024-Firmware/2024.0/pico-sdk/src/common/pico_util/pheap.c.obj
                0x1000197c                ph_merge_two_pass
 .text.ph_remove_any_head
                0x10001a08      0x100 CMakeFiles/servo.dir/Users/michaelshipman/Developer/GHOUL/2024-Firmware/2024.0/pico-sdk/src/common/pico_util/pheap.c.obj
 .text.ph_remove_head
                0x10001b08      0x104 CMakeFiles/servo.dir/Users/michaelshipman/Developer/GHOUL/2024-Firmware/2024.0/pico-sdk/src/common/pico_util/pheap.c.obj
                0x10001b08                ph_remove_head
 .text.ph_remove_and_free_node
                0x10001c0c       0x78 CMakeFiles/servo.dir/Users/michaelshipman/Developer/GHOUL/2024-Firmware/2024.0/pico-sdk/src/common/pico_util/pheap.c.obj
                0x10001c0c                ph_remove_and_free_node
 .text.uart_init
                0x10001c84      0x18c CMakeFiles/servo.dir/Users/michaelshipman/Developer/GHOUL/2024-Firmware/2024.0/pico-sdk/src/rp2_common/hardware_uart/uart.c.obj
                0x10001c84                uart_init
 .text.clock_configure
                0x10001e10      0x114 CMakeFiles/servo.dir/Users/michaelshipman/Developer/GHOUL/2024-Firmware/2024.0/pico-sdk/src/rp2_common/hardware_clocks/clocks.c.obj
                0x10001e10                clock_configure
 .text.clocks_init
                0x10001f24      0x2c8 CMakeFiles/servo.dir/Users/michaelshipman/Developer/GHOUL/2024-Firmware/2024.0/pico-sdk/src/rp2_common/hardware_clocks/clocks.c.obj
                0x10001f24                clocks_init
 .text.clock_get_hz
                0x100021ec        0xc CMakeFiles/servo.dir/Users/michaelshipman/Developer/GHOUL/2024-Firmware/2024.0/pico-sdk/src/rp2_common/hardware_clocks/clocks.c.obj
                0x100021ec                clock_get_hz
 .text.pll_init
                0x100021f8       0xa4 CMakeFiles/servo.dir/Users/michaelshipman/Developer/GHOUL/2024-Firmware/2024.0/pico-sdk/src/rp2_common/hardware_pll/pll.c.obj
                0x100021f8                pll_init
 .text.pll_deinit
                0x1000229c        0x8 CMakeFiles/servo.dir/Users/michaelshipman/Developer/GHOUL/2024-Firmware/2024.0/pico-sdk/src/rp2_common/hardware_pll/pll.c.obj
                0x1000229c                pll_deinit
 .text.watchdog_start_tick
                0x100022a4       0x10 CMakeFiles/servo.dir/Users/michaelshipman/Developer/GHOUL/2024-Firmware/2024.0/pico-sdk/src/rp2_common/hardware_watchdog/watchdog.c.obj
                0x100022a4                watchdog_start_tick
 .text.watchdog_reboot
                0x100022b4       0x9c CMakeFiles/servo.dir/Users/michaelshipman/Developer/GHOUL/2024-Firmware/2024.0/pico-sdk/src/rp2_common/hardware_watchdog/watchdog.c.obj
                0x100022b4                watchdog_reboot
 .text.xosc_init
                0x10002350       0x28 CMakeFiles/servo.dir/Users/michaelshipman/Developer/GHOUL/2024-Firmware/2024.0/pico-sdk/src/rp2_common/hardware_xosc/xosc.c.obj
                0x10002350                xosc_init
 .text.runtime_init
                0x10002378       0xf0 CMakeFiles/servo.dir/Users/michaelshipman/Developer/GHOUL/2024-Firmware/2024.0/pico-sdk/src/rp2_common/pico_runtime/runtime.c.obj
                0x10002378                runtime_init
 .text._exit    0x10002468        0x4 CMakeFiles/servo.dir/Users/michaelshipman/Developer/GHOUL/2024-Firmware/2024.0/pico-sdk/src/rp2_common/pico_runtime/runtime.c.obj
                0x10002468                _exit
 .text.exit     0x1000246c        0x8 CMakeFiles/servo.dir/Users/michaelshipman/Developer/GHOUL/2024-Firmware/2024.0/pico-sdk/src/rp2_common/pico_runtime/runtime.c.obj
                0x1000246c                exit
 .text.panic    0x10002474       0x30 CMakeFiles/servo.dir/Users/michaelshipman/Developer/GHOUL/2024-Firmware/2024.0/pico-sdk/src/rp2_common/pico_runtime/runtime.c.obj
                0x10002474                panic
 .text.hard_assertion_failure
                0x100024a4        0xc CMakeFiles/servo.dir/Users/michaelshipman/Developer/GHOUL/2024-Firmware/2024.0/pico-sdk/src/rp2_common/pico_runtime/runtime.c.obj
                0x100024a4                hard_assertion_failure
 .text._out_char
                0x100024b0       0x10 CMakeFiles/servo.dir/Users/michaelshipman/Developer/GHOUL/2024-Firmware/2024.0/pico-sdk/src/rp2_common/pico_printf/printf.c.obj
 .text.weak_raw_vprintf
                0x100024c0       0x30 CMakeFiles/servo.dir/Users/michaelshipman/Developer/GHOUL/2024-Firmware/2024.0/pico-sdk/src/rp2_common/pico_printf/printf.c.obj
                0x100024c0                weak_raw_vprintf
 .text          0x100024f0       0x10 CMakeFiles/servo.dir/Users/michaelshipman/Developer/GHOUL/2024-Firmware/2024.0/pico-sdk/src/rp2_common/pico_bit_ops/bit_ops_aeabi.S.obj
 .text.rom_func_lookup
                0x10002500       0x10 CMakeFiles/servo.dir/Users/michaelshipman/Developer/GHOUL/2024-Firmware/2024.0/pico-sdk/src/rp2_common/pico_bootrom/bootrom.c.obj
                0x10002500                rom_func_lookup
 .text.rom_data_lookup
                0x10002510       0x10 CMakeFiles/servo.dir/Users/michaelshipman/Developer/GHOUL/2024-Firmware/2024.0/pico-sdk/src/rp2_common/pico_bootrom/bootrom.c.obj
                0x10002510                rom_data_lookup
 .text.rom_funcs_lookup
                0x10002520       0x44 CMakeFiles/servo.dir/Users/michaelshipman/Developer/GHOUL/2024-Firmware/2024.0/pico-sdk/src/rp2_common/pico_bootrom/bootrom.c.obj
                0x10002520                rom_funcs_lookup
 .text.__wrap___aeabi_uidiv
                0x10002564       0x4c CMakeFiles/servo.dir/Users/michaelshipman/Developer/GHOUL/2024-Firmware/2024.0/pico-sdk/src/rp2_common/pico_divider/divider.S.obj
                0x10002564                __wrap___aeabi_uidiv
                0x10002564                __wrap___aeabi_uidivmod
                0x10002564                div_u32u32
                0x10002564                divmod_u32u32
                0x1000256c                divmod_u32u32_unsafe
                0x10002594                divmod_u32u32_savestate
 .text.__wrap___aeabi_ldiv
                0x100025b0      0x424 CMakeFiles/servo.dir/Users/michaelshipman/Developer/GHOUL/2024-Firmware/2024.0/pico-sdk/src/rp2_common/pico_divider/divider.S.obj
                0x100025b0                __wrap___aeabi_ldivmod
                0x100025b0                div_s64s64
                0x100025b0                divmod_s64s64
                0x100025e0                divmod_u64u64
                0x100025e0                div_u64u64
                0x100025e0                __wrap___aeabi_uldivmod
                0x100025f0                divmod_u64u64_savestate
                0x10002610                divmod_s64s64_unsafe
                0x10002698                divmod_u64u64_unsafe
 .text.__aeabi_double_init
                0x100029d4       0x98 CMakeFiles/servo.dir/Users/michaelshipman/Developer/GHOUL/2024-Firmware/2024.0/pico-sdk/src/rp2_common/pico_double/double_init_rom.c.obj
                0x100029d4                __aeabi_double_init
 .text.double_table_shim_on_use_helper
                0x10002a6c       0x2c CMakeFiles/servo.dir/Users/michaelshipman/Developer/GHOUL/2024-Firmware/2024.0/pico-sdk/src/rp2_common/pico_double/double_v1_rom_shim.S.obj
                0x10002a6c                double_table_shim_on_use_helper
 .text.__aeabi_lmul
                0x10002a98       0x32 CMakeFiles/servo.dir/Users/michaelshipman/Developer/GHOUL/2024-Firmware/2024.0/pico-sdk/src/rp2_common/pico_int64_ops/pico_int64_ops_aeabi.S.obj
                0x10002a98                __wrap___aeabi_lmul
 *fill*         0x10002aca        0x2 
 .text.__aeabi_float_init
                0x10002acc       0x64 CMakeFiles/servo.dir/Users/michaelshipman/Developer/GHOUL/2024-Firmware/2024.0/pico-sdk/src/rp2_common/pico_float/float_init_rom.c.obj
                0x10002acc                __aeabi_float_init
 .text.float_table_shim_on_use_helper
                0x10002b30       0x2c CMakeFiles/servo.dir/Users/michaelshipman/Developer/GHOUL/2024-Firmware/2024.0/pico-sdk/src/rp2_common/pico_float/float_v1_rom_shim.S.obj
                0x10002b30                float_table_shim_on_use_helper
 .text          0x10002b5c       0x10 CMakeFiles/servo.dir/Users/michaelshipman/Developer/GHOUL/2024-Firmware/2024.0/pico-sdk/src/rp2_common/pico_mem_ops/mem_ops_aeabi.S.obj
                0x10002b5c                __aeabi_mem_init
 .text.memset   0x10002b6c        0xc CMakeFiles/servo.dir/Users/michaelshipman/Developer/GHOUL/2024-Firmware/2024.0/pico-sdk/src/rp2_common/pico_mem_ops/mem_ops_aeabi.S.obj
                0x10002b6c                __wrap_memset
 .text.memcpy   0x10002b78        0xc CMakeFiles/servo.dir/Users/michaelshipman/Developer/GHOUL/2024-Firmware/2024.0/pico-sdk/src/rp2_common/pico_mem_ops/mem_ops_aeabi.S.obj
                0x10002b78                __wrap___aeabi_memcpy
                0x10002b78                __wrap_memcpy
 .text.stdio_out_chars_crlf
                0x10002b84       0x94 CMakeFiles/servo.dir/Users/michaelshipman/Developer/GHOUL/2024-Firmware/2024.0/pico-sdk/src/rp2_common/pico_stdio/stdio.c.obj
 .text.__wrap_putchar
                0x10002c18       0x98 CMakeFiles/servo.dir/Users/michaelshipman/Developer/GHOUL/2024-Firmware/2024.0/pico-sdk/src/rp2_common/pico_stdio/stdio.c.obj
                0x10002c18                __wrap_putchar
 .text.__wrap_puts
                0x10002cb0       0xe0 CMakeFiles/servo.dir/Users/michaelshipman/Developer/GHOUL/2024-Firmware/2024.0/pico-sdk/src/rp2_common/pico_stdio/stdio.c.obj
                0x10002cb0                __wrap_puts
 .text.stdio_set_driver_enabled
                0x10002d90       0x30 CMakeFiles/servo.dir/Users/michaelshipman/Developer/GHOUL/2024-Firmware/2024.0/pico-sdk/src/rp2_common/pico_stdio/stdio.c.obj
                0x10002d90                stdio_set_driver_enabled
 .text.stdio_init_all
                0x10002dc0       0x10 CMakeFiles/servo.dir/Users/michaelshipman/Developer/GHOUL/2024-Firmware/2024.0/pico-sdk/src/rp2_common/pico_stdio/stdio.c.obj
                0x10002dc0                stdio_init_all
 .text.stdio_uart_out_chars
                0x10002dd0       0x4c CMakeFiles/servo.dir/Users/michaelshipman/Developer/GHOUL/2024-Firmware/2024.0/pico-sdk/src/rp2_common/pico_stdio_uart/stdio_uart.c.obj
 .text.stdio_uart_in_chars
                0x10002e1c       0x90 CMakeFiles/servo.dir/Users/michaelshipman/Developer/GHOUL/2024-Firmware/2024.0/pico-sdk/src/rp2_common/pico_stdio_uart/stdio_uart.c.obj
                0x10002e1c                stdio_uart_in_chars
 .text.on_uart_rx
                0x10002eac       0x28 CMakeFiles/servo.dir/Users/michaelshipman/Developer/GHOUL/2024-Firmware/2024.0/pico-sdk/src/rp2_common/pico_stdio_uart/stdio_uart.c.obj
 .text.stdio_uart_set_chars_available_callback
                0x10002ed4       0x8c CMakeFiles/servo.dir/Users/michaelshipman/Developer/GHOUL/2024-Firmware/2024.0/pico-sdk/src/rp2_common/pico_stdio_uart/stdio_uart.c.obj
 .text.stdio_uart_init
                0x10002f60       0x48 CMakeFiles/servo.dir/Users/michaelshipman/Developer/GHOUL/2024-Firmware/2024.0/pico-sdk/src/rp2_common/pico_stdio_uart/stdio_uart.c.obj
                0x10002f60                stdio_uart_init
 .text.resetd_init
                0x10002fa8        0x4 CMakeFiles/servo.dir/Users/michaelshipman/Developer/GHOUL/2024-Firmware/2024.0/pico-sdk/src/rp2_common/pico_stdio_usb/reset_interface.c.obj
 .text.resetd_reset
                0x10002fac        0xc CMakeFiles/servo.dir/Users/michaelshipman/Developer/GHOUL/2024-Firmware/2024.0/pico-sdk/src/rp2_common/pico_stdio_usb/reset_interface.c.obj
 .text.resetd_open
                0x10002fb8       0x28 CMakeFiles/servo.dir/Users/michaelshipman/Developer/GHOUL/2024-Firmware/2024.0/pico-sdk/src/rp2_common/pico_stdio_usb/reset_interface.c.obj
 .text.resetd_xfer_cb
                0x10002fe0        0x4 CMakeFiles/servo.dir/Users/michaelshipman/Developer/GHOUL/2024-Firmware/2024.0/pico-sdk/src/rp2_common/pico_stdio_usb/reset_interface.c.obj
 .text.resetd_control_xfer_cb
                0x10002fe4       0x60 CMakeFiles/servo.dir/Users/michaelshipman/Developer/GHOUL/2024-Firmware/2024.0/pico-sdk/src/rp2_common/pico_stdio_usb/reset_interface.c.obj
 .text.usbd_app_driver_get_cb
                0x10003044        0xc CMakeFiles/servo.dir/Users/michaelshipman/Developer/GHOUL/2024-Firmware/2024.0/pico-sdk/src/rp2_common/pico_stdio_usb/reset_interface.c.obj
                0x10003044                usbd_app_driver_get_cb
 .text.tud_cdc_line_coding_cb
                0x10003050       0x34 CMakeFiles/servo.dir/Users/michaelshipman/Developer/GHOUL/2024-Firmware/2024.0/pico-sdk/src/rp2_common/pico_stdio_usb/reset_interface.c.obj
                0x10003050                tud_cdc_line_coding_cb
 .text.stdio_usb_set_chars_available_callback
                0x10003084       0x14 CMakeFiles/servo.dir/Users/michaelshipman/Developer/GHOUL/2024-Firmware/2024.0/pico-sdk/src/rp2_common/pico_stdio_usb/stdio_usb.c.obj
                0x10003084                stdio_usb_set_chars_available_callback
 .text.usb_irq  0x10003098       0x10 CMakeFiles/servo.dir/Users/michaelshipman/Developer/GHOUL/2024-Firmware/2024.0/pico-sdk/src/rp2_common/pico_stdio_usb/stdio_usb.c.obj
 .text.timer_task
                0x100030a8       0x54 CMakeFiles/servo.dir/Users/michaelshipman/Developer/GHOUL/2024-Firmware/2024.0/pico-sdk/src/rp2_common/pico_stdio_usb/stdio_usb.c.obj
 .text.stdio_usb_in_chars
                0x100030fc       0x90 CMakeFiles/servo.dir/Users/michaelshipman/Developer/GHOUL/2024-Firmware/2024.0/pico-sdk/src/rp2_common/pico_stdio_usb/stdio_usb.c.obj
                0x100030fc                stdio_usb_in_chars
 .text.stdio_usb_out_chars
                0x1000318c      0x104 CMakeFiles/servo.dir/Users/michaelshipman/Developer/GHOUL/2024-Firmware/2024.0/pico-sdk/src/rp2_common/pico_stdio_usb/stdio_usb.c.obj
 .text.low_priority_worker_irq
                0x10003290       0xa8 CMakeFiles/servo.dir/Users/michaelshipman/Developer/GHOUL/2024-Firmware/2024.0/pico-sdk/src/rp2_common/pico_stdio_usb/stdio_usb.c.obj
 .text.tud_cdc_rx_cb
                0x10003338       0x20 CMakeFiles/servo.dir/Users/michaelshipman/Developer/GHOUL/2024-Firmware/2024.0/pico-sdk/src/rp2_common/pico_stdio_usb/stdio_usb.c.obj
                0x10003338                tud_cdc_rx_cb
 .text.stdio_usb_init
                0x10003358       0xe0 CMakeFiles/servo.dir/Users/michaelshipman/Developer/GHOUL/2024-Firmware/2024.0/pico-sdk/src/rp2_common/pico_stdio_usb/stdio_usb.c.obj
                0x10003358                stdio_usb_init
 .text.tud_descriptor_device_cb
                0x10003438        0x8 CMakeFiles/servo.dir/Users/michaelshipman/Developer/GHOUL/2024-Firmware/2024.0/pico-sdk/src/rp2_common/pico_stdio_usb/stdio_usb_descriptors.c.obj
                0x10003438                tud_descriptor_device_cb
 .text.tud_descriptor_configuration_cb
                0x10003440        0x8 CMakeFiles/servo.dir/Users/michaelshipman/Developer/GHOUL/2024-Firmware/2024.0/pico-sdk/src/rp2_common/pico_stdio_usb/stdio_usb_descriptors.c.obj
                0x10003440                tud_descriptor_configuration_cb
 .text.tud_descriptor_string_cb
                0x10003448       0x78 CMakeFiles/servo.dir/Users/michaelshipman/Developer/GHOUL/2024-Firmware/2024.0/pico-sdk/src/rp2_common/pico_stdio_usb/stdio_usb_descriptors.c.obj
                0x10003448                tud_descriptor_string_cb
 .text.startup._retrieve_unique_id_on_boot
                0x100034c0       0x10 CMakeFiles/servo.dir/Users/michaelshipman/Developer/GHOUL/2024-Firmware/2024.0/pico-sdk/src/rp2_common/pico_unique_id/unique_id.c.obj
 .text.pico_get_unique_board_id_string
                0x100034d0      0x1a8 CMakeFiles/servo.dir/Users/michaelshipman/Developer/GHOUL/2024-Firmware/2024.0/pico-sdk/src/rp2_common/pico_unique_id/unique_id.c.obj
                0x100034d0                pico_get_unique_board_id_string
 .text.flash_get_unique_id
                0x10003678       0x3c CMakeFiles/servo.dir/Users/michaelshipman/Developer/GHOUL/2024-Firmware/2024.0/pico-sdk/src/rp2_common/hardware_flash/flash.c.obj
                0x10003678                flash_get_unique_id
 .text.dcd_int_enable
                0x100036b4        0xc CMakeFiles/servo.dir/Users/michaelshipman/Developer/GHOUL/2024-Firmware/2024.0/pico-sdk/lib/tinyusb/src/portable/raspberrypi/rp2040/dcd_rp2040.c.obj
                0x100036b4                dcd_int_enable
 .text.dcd_set_address
                0x100036c0       0x14 CMakeFiles/servo.dir/Users/michaelshipman/Developer/GHOUL/2024-Firmware/2024.0/pico-sdk/lib/tinyusb/src/portable/raspberrypi/rp2040/dcd_rp2040.c.obj
                0x100036c0                dcd_set_address
 .text.dcd_connect
                0x100036d4       0x10 CMakeFiles/servo.dir/Users/michaelshipman/Developer/GHOUL/2024-Firmware/2024.0/pico-sdk/lib/tinyusb/src/portable/raspberrypi/rp2040/dcd_rp2040.c.obj
                0x100036d4                dcd_connect
 .text.dcd_init
                0x100036e4       0x98 CMakeFiles/servo.dir/Users/michaelshipman/Developer/GHOUL/2024-Firmware/2024.0/pico-sdk/lib/tinyusb/src/portable/raspberrypi/rp2040/dcd_rp2040.c.obj
                0x100036e4                dcd_init
 .text.dcd_edpt0_status_complete
                0x1000377c       0x1c CMakeFiles/servo.dir/Users/michaelshipman/Developer/GHOUL/2024-Firmware/2024.0/pico-sdk/lib/tinyusb/src/portable/raspberrypi/rp2040/dcd_rp2040.c.obj
                0x1000377c                dcd_edpt0_status_complete
 .text.dcd_edpt_open
                0x10003798      0x108 CMakeFiles/servo.dir/Users/michaelshipman/Developer/GHOUL/2024-Firmware/2024.0/pico-sdk/lib/tinyusb/src/portable/raspberrypi/rp2040/dcd_rp2040.c.obj
                0x10003798                dcd_edpt_open
 .text.dcd_edpt_close_all
                0x100038a0        0x8 CMakeFiles/servo.dir/Users/michaelshipman/Developer/GHOUL/2024-Firmware/2024.0/pico-sdk/lib/tinyusb/src/portable/raspberrypi/rp2040/dcd_rp2040.c.obj
                0x100038a0                dcd_edpt_close_all
 .text.dcd_edpt_xfer
                0x100038a8       0x24 CMakeFiles/servo.dir/Users/michaelshipman/Developer/GHOUL/2024-Firmware/2024.0/pico-sdk/lib/tinyusb/src/portable/raspberrypi/rp2040/dcd_rp2040.c.obj
                0x100038a8                dcd_edpt_xfer
 .text.dcd_edpt_stall
                0x100038cc       0x34 CMakeFiles/servo.dir/Users/michaelshipman/Developer/GHOUL/2024-Firmware/2024.0/pico-sdk/lib/tinyusb/src/portable/raspberrypi/rp2040/dcd_rp2040.c.obj
                0x100038cc                dcd_edpt_stall
 .text.dcd_edpt_clear_stall
                0x10003900       0x30 CMakeFiles/servo.dir/Users/michaelshipman/Developer/GHOUL/2024-Firmware/2024.0/pico-sdk/lib/tinyusb/src/portable/raspberrypi/rp2040/dcd_rp2040.c.obj
                0x10003900                dcd_edpt_clear_stall
 .text.rp2040_usb_init
                0x10003930       0x4c CMakeFiles/servo.dir/Users/michaelshipman/Developer/GHOUL/2024-Firmware/2024.0/pico-sdk/lib/tinyusb/src/portable/raspberrypi/rp2040/rp2040_usb.c.obj
                0x10003930                rp2040_usb_init
 .text.hw_endpoint_xfer_start
                0x1000397c       0x40 CMakeFiles/servo.dir/Users/michaelshipman/Developer/GHOUL/2024-Firmware/2024.0/pico-sdk/lib/tinyusb/src/portable/raspberrypi/rp2040/rp2040_usb.c.obj
                0x1000397c                hw_endpoint_xfer_start
 .text.tud_mounted
                0x100039bc       0x10 CMakeFiles/servo.dir/Users/michaelshipman/Developer/GHOUL/2024-Firmware/2024.0/pico-sdk/lib/tinyusb/src/device/usbd.c.obj
                0x100039bc                tud_mounted
 .text.tud_suspended
                0x100039cc       0x10 CMakeFiles/servo.dir/Users/michaelshipman/Developer/GHOUL/2024-Firmware/2024.0/pico-sdk/lib/tinyusb/src/device/usbd.c.obj
                0x100039cc                tud_suspended
 .text.tud_inited
                0x100039dc       0x14 CMakeFiles/servo.dir/Users/michaelshipman/Developer/GHOUL/2024-Firmware/2024.0/pico-sdk/lib/tinyusb/src/device/usbd.c.obj
                0x100039dc                tud_inited
 .text.tud_init
                0x100039f0       0xdc CMakeFiles/servo.dir/Users/michaelshipman/Developer/GHOUL/2024-Firmware/2024.0/pico-sdk/lib/tinyusb/src/device/usbd.c.obj
                0x100039f0                tud_init
 .text.tud_task_ext
                0x10003acc      0x850 CMakeFiles/servo.dir/Users/michaelshipman/Developer/GHOUL/2024-Firmware/2024.0/pico-sdk/lib/tinyusb/src/device/usbd.c.obj
                0x10003acc                tud_task_ext
 .text.usbd_open_edpt_pair
                0x1000431c       0x9c CMakeFiles/servo.dir/Users/michaelshipman/Developer/GHOUL/2024-Firmware/2024.0/pico-sdk/lib/tinyusb/src/device/usbd.c.obj
                0x1000431c                usbd_open_edpt_pair
 .text.usbd_defer_func
                0x100043b8       0x48 CMakeFiles/servo.dir/Users/michaelshipman/Developer/GHOUL/2024-Firmware/2024.0/pico-sdk/lib/tinyusb/src/device/usbd.c.obj
                0x100043b8                usbd_defer_func
 .text.usbd_edpt_open
                0x10004400       0x34 CMakeFiles/servo.dir/Users/michaelshipman/Developer/GHOUL/2024-Firmware/2024.0/pico-sdk/lib/tinyusb/src/device/usbd.c.obj
                0x10004400                usbd_edpt_open
 .text.usbd_edpt_claim
                0x10004434       0x28 CMakeFiles/servo.dir/Users/michaelshipman/Developer/GHOUL/2024-Firmware/2024.0/pico-sdk/lib/tinyusb/src/device/usbd.c.obj
                0x10004434                usbd_edpt_claim
 .text.usbd_edpt_release
                0x1000445c       0x28 CMakeFiles/servo.dir/Users/michaelshipman/Developer/GHOUL/2024-Firmware/2024.0/pico-sdk/lib/tinyusb/src/device/usbd.c.obj
                0x1000445c                usbd_edpt_release
 .text.usbd_edpt_xfer
                0x10004484       0x4c CMakeFiles/servo.dir/Users/michaelshipman/Developer/GHOUL/2024-Firmware/2024.0/pico-sdk/lib/tinyusb/src/device/usbd.c.obj
                0x10004484                usbd_edpt_xfer
 .text.tud_control_status
                0x100044d0       0x2c CMakeFiles/servo.dir/Users/michaelshipman/Developer/GHOUL/2024-Firmware/2024.0/pico-sdk/lib/tinyusb/src/device/usbd_control.c.obj
                0x100044d0                tud_control_status
 .text.tud_control_xfer
                0x100044fc       0xac CMakeFiles/servo.dir/Users/michaelshipman/Developer/GHOUL/2024-Firmware/2024.0/pico-sdk/lib/tinyusb/src/device/usbd_control.c.obj
                0x100044fc                tud_control_xfer
 .text.usbd_control_reset
                0x100045a8       0x14 CMakeFiles/servo.dir/Users/michaelshipman/Developer/GHOUL/2024-Firmware/2024.0/pico-sdk/lib/tinyusb/src/device/usbd_control.c.obj
                0x100045a8                usbd_control_reset
 .text.usbd_control_set_complete_callback
                0x100045bc        0xc CMakeFiles/servo.dir/Users/michaelshipman/Developer/GHOUL/2024-Firmware/2024.0/pico-sdk/lib/tinyusb/src/device/usbd_control.c.obj
                0x100045bc                usbd_control_set_complete_callback
 .text.usbd_control_set_request
                0x100045c8       0x1c CMakeFiles/servo.dir/Users/michaelshipman/Developer/GHOUL/2024-Firmware/2024.0/pico-sdk/lib/tinyusb/src/device/usbd_control.c.obj
                0x100045c8                usbd_control_set_request
 .text.usbd_control_xfer_cb
                0x100045e4       0xf4 CMakeFiles/servo.dir/Users/michaelshipman/Developer/GHOUL/2024-Firmware/2024.0/pico-sdk/lib/tinyusb/src/device/usbd_control.c.obj
                0x100045e4                usbd_control_xfer_cb
 .text.tud_cdc_n_connected
                0x100046d8       0x30 CMakeFiles/servo.dir/Users/michaelshipman/Developer/GHOUL/2024-Firmware/2024.0/pico-sdk/lib/tinyusb/src/class/cdc/cdc_device.c.obj
                0x100046d8                tud_cdc_n_connected
 .text.tud_cdc_n_available
                0x10004708       0x18 CMakeFiles/servo.dir/Users/michaelshipman/Developer/GHOUL/2024-Firmware/2024.0/pico-sdk/lib/tinyusb/src/class/cdc/cdc_device.c.obj
                0x10004708                tud_cdc_n_available
 .text.tud_cdc_n_read
                0x10004720       0x70 CMakeFiles/servo.dir/Users/michaelshipman/Developer/GHOUL/2024-Firmware/2024.0/pico-sdk/lib/tinyusb/src/class/cdc/cdc_device.c.obj
                0x10004720                tud_cdc_n_read
 .text.tud_cdc_n_write_flush
                0x10004790       0x78 CMakeFiles/servo.dir/Users/michaelshipman/Developer/GHOUL/2024-Firmware/2024.0/pico-sdk/lib/tinyusb/src/class/cdc/cdc_device.c.obj
                0x10004790                tud_cdc_n_write_flush
 .text.tud_cdc_n_write
                0x10004808       0x34 CMakeFiles/servo.dir/Users/michaelshipman/Developer/GHOUL/2024-Firmware/2024.0/pico-sdk/lib/tinyusb/src/class/cdc/cdc_device.c.obj
                0x10004808                tud_cdc_n_write
 .text.tud_cdc_n_write_available
                0x1000483c       0x18 CMakeFiles/servo.dir/Users/michaelshipman/Developer/GHOUL/2024-Firmware/2024.0/pico-sdk/lib/tinyusb/src/class/cdc/cdc_device.c.obj
                0x1000483c                tud_cdc_n_write_available
 .text.cdcd_init
                0x10004854       0x7c CMakeFiles/servo.dir/Users/michaelshipman/Developer/GHOUL/2024-Firmware/2024.0/pico-sdk/lib/tinyusb/src/class/cdc/cdc_device.c.obj
                0x10004854                cdcd_init
 .text.cdcd_reset
                0x100048d0       0x2c CMakeFiles/servo.dir/Users/michaelshipman/Developer/GHOUL/2024-Firmware/2024.0/pico-sdk/lib/tinyusb/src/class/cdc/cdc_device.c.obj
                0x100048d0                cdcd_reset
 .text.cdcd_open
                0x100048fc       0xe4 CMakeFiles/servo.dir/Users/michaelshipman/Developer/GHOUL/2024-Firmware/2024.0/pico-sdk/lib/tinyusb/src/class/cdc/cdc_device.c.obj
                0x100048fc                cdcd_open
 .text.cdcd_control_xfer_cb
                0x100049e0       0xe4 CMakeFiles/servo.dir/Users/michaelshipman/Developer/GHOUL/2024-Firmware/2024.0/pico-sdk/lib/tinyusb/src/class/cdc/cdc_device.c.obj
                0x100049e0                cdcd_control_xfer_cb
 .text.cdcd_xfer_cb
                0x10004ac4      0x13c CMakeFiles/servo.dir/Users/michaelshipman/Developer/GHOUL/2024-Firmware/2024.0/pico-sdk/lib/tinyusb/src/class/cdc/cdc_device.c.obj
                0x10004ac4                cdcd_xfer_cb
 .text.tusb_init
                0x10004c00        0xc CMakeFiles/servo.dir/Users/michaelshipman/Developer/GHOUL/2024-Firmware/2024.0/pico-sdk/lib/tinyusb/src/tusb.c.obj
                0x10004c00                tusb_init
 .text.tusb_inited
                0x10004c0c        0x8 CMakeFiles/servo.dir/Users/michaelshipman/Developer/GHOUL/2024-Firmware/2024.0/pico-sdk/lib/tinyusb/src/tusb.c.obj
                0x10004c0c                tusb_inited
 .text.tu_edpt_claim
                0x10004c14       0x50 CMakeFiles/servo.dir/Users/michaelshipman/Developer/GHOUL/2024-Firmware/2024.0/pico-sdk/lib/tinyusb/src/tusb.c.obj
                0x10004c14                tu_edpt_claim
 .text.tu_edpt_release
                0x10004c64       0x38 CMakeFiles/servo.dir/Users/michaelshipman/Developer/GHOUL/2024-Firmware/2024.0/pico-sdk/lib/tinyusb/src/tusb.c.obj
                0x10004c64                tu_edpt_release
 .text.tu_edpt_validate
                0x10004c9c       0x7c CMakeFiles/servo.dir/Users/michaelshipman/Developer/GHOUL/2024-Firmware/2024.0/pico-sdk/lib/tinyusb/src/tusb.c.obj
                0x10004c9c                tu_edpt_validate
 .text.tu_edpt_bind_driver
                0x10004d18       0x34 CMakeFiles/servo.dir/Users/michaelshipman/Developer/GHOUL/2024-Firmware/2024.0/pico-sdk/lib/tinyusb/src/tusb.c.obj
                0x10004d18                tu_edpt_bind_driver
 .text.tu_fifo_config
                0x10004d4c       0x6c CMakeFiles/servo.dir/Users/michaelshipman/Developer/GHOUL/2024-Firmware/2024.0/pico-sdk/lib/tinyusb/src/common/tusb_fifo.c.obj
                0x10004d4c                tu_fifo_config
 .text.tu_fifo_count
                0x10004db8       0x2c CMakeFiles/servo.dir/Users/michaelshipman/Developer/GHOUL/2024-Firmware/2024.0/pico-sdk/lib/tinyusb/src/common/tusb_fifo.c.obj
                0x10004db8                tu_fifo_count
 .text.tu_fifo_empty
                0x10004de4       0x10 CMakeFiles/servo.dir/Users/michaelshipman/Developer/GHOUL/2024-Firmware/2024.0/pico-sdk/lib/tinyusb/src/common/tusb_fifo.c.obj
                0x10004de4                tu_fifo_empty
 .text.tu_fifo_remaining
                0x10004df4       0x2c CMakeFiles/servo.dir/Users/michaelshipman/Developer/GHOUL/2024-Firmware/2024.0/pico-sdk/lib/tinyusb/src/common/tusb_fifo.c.obj
                0x10004df4                tu_fifo_remaining
 .text.tu_fifo_read
                0x10004e20       0x9c CMakeFiles/servo.dir/Users/michaelshipman/Developer/GHOUL/2024-Firmware/2024.0/pico-sdk/lib/tinyusb/src/common/tusb_fifo.c.obj
                0x10004e20                tu_fifo_read
 .text.tu_fifo_read_n
                0x10004ebc       0xe8 CMakeFiles/servo.dir/Users/michaelshipman/Developer/GHOUL/2024-Firmware/2024.0/pico-sdk/lib/tinyusb/src/common/tusb_fifo.c.obj
                0x10004ebc                tu_fifo_read_n
 .text.tu_fifo_write
                0x10004fa4       0xa8 CMakeFiles/servo.dir/Users/michaelshipman/Developer/GHOUL/2024-Firmware/2024.0/pico-sdk/lib/tinyusb/src/common/tusb_fifo.c.obj
                0x10004fa4                tu_fifo_write
 .text.tu_fifo_write_n
                0x1000504c      0x178 CMakeFiles/servo.dir/Users/michaelshipman/Developer/GHOUL/2024-Firmware/2024.0/pico-sdk/lib/tinyusb/src/common/tusb_fifo.c.obj
                0x1000504c                tu_fifo_write_n
 .text.tu_fifo_clear
                0x100051c4       0x40 CMakeFiles/servo.dir/Users/michaelshipman/Developer/GHOUL/2024-Firmware/2024.0/pico-sdk/lib/tinyusb/src/common/tusb_fifo.c.obj
                0x100051c4                tu_fifo_clear
 .text.tu_fifo_set_overwritable
                0x10005204       0x48 CMakeFiles/servo.dir/Users/michaelshipman/Developer/GHOUL/2024-Firmware/2024.0/pico-sdk/lib/tinyusb/src/common/tusb_fifo.c.obj
                0x10005204                tu_fifo_set_overwritable
 .text.strlen   0x1000524c       0x5c /Applications/ArmGNUToolchain/13.2.Rel1/arm-none-eabi/bin/../lib/gcc/arm-none-eabi/13.2.1/../../../../arm-none-eabi/lib/thumb/v6-m/nofp/libc.a(libc_a-strlen-stub.o)
                0x1000524c                strlen
 *(.fini)
 .fini          0x100052a8        0x4 /Applications/ArmGNUToolchain/13.2.Rel1/arm-none-eabi/bin/../lib/gcc/arm-none-eabi/13.2.1/thumb/v6-m/nofp/crti.o
                0x100052a8                _fini
 *fill*         0x100052ac        0x4 
 .fini.__stub   0x100052b0       0xc0 linker stubs
 *crtbegin.o(.ctors)
 *crtbegin?.o(.ctors)
 *(EXCLUDE_FILE(*crtend.o *crtend?.o) .ctors)
 *(SORT_BY_NAME(.ctors.*))
 *(.ctors)
 *crtbegin.o(.dtors)
 *crtbegin?.o(.dtors)
 *(EXCLUDE_FILE(*crtend.o *crtend?.o) .dtors)
 *(SORT_BY_NAME(.dtors.*))
 *(.dtors)
 *(.eh_frame*)
 .eh_frame      0x10005370        0x0 /Applications/ArmGNUToolchain/13.2.Rel1/arm-none-eabi/bin/../lib/gcc/arm-none-eabi/13.2.1/thumb/v6-m/nofp/crtbegin.o
                0x10005370                        . = ALIGN (0x4)

.glue_7         0x10005370        0x0
 .glue_7        0x10005370        0x0 linker stubs

.glue_7t        0x10005370        0x0
 .glue_7t       0x10005370        0x0 linker stubs

.vfp11_veneer   0x10005370        0x0
 .vfp11_veneer  0x10005370        0x0 linker stubs

.v4_bx          0x10005370        0x0
 .v4_bx         0x10005370        0x0 linker stubs

.iplt           0x10005370        0x0
 .iplt          0x10005370        0x0 /Applications/ArmGNUToolchain/13.2.Rel1/arm-none-eabi/bin/../lib/gcc/arm-none-eabi/13.2.1/thumb/v6-m/nofp/crtbegin.o

.rodata         0x10005370      0x33c
 *(EXCLUDE_FILE(*libm.a: *libc.a:*lib_a-mem*.o *libgcc.a:) .rodata*)
 .rodata.main.str1.4
                0x10005370      0x1b8 CMakeFiles/servo.dir/test.c.obj
                                  0xe (size before relaxing)
 .rodata.vent_servo_set_pulse_width.constprop.0.isra.0.str1.4
                0x10005528       0x1d CMakeFiles/servo.dir/Users/michaelshipman/Developer/GHOUL/2024-Firmware/2024.0/vent-servo.c.obj
 .rodata.spin_lock_claim_unused.str1.4
                0x10005528       0x1b CMakeFiles/servo.dir/Users/michaelshipman/Developer/GHOUL/2024-Firmware/2024.0/pico-sdk/src/rp2_common/hardware_sync/sync.c.obj
 .rodata.user_irq_claim_unused.str1.4
                0x10005528       0x1b CMakeFiles/servo.dir/Users/michaelshipman/Developer/GHOUL/2024-Firmware/2024.0/pico-sdk/src/rp2_common/hardware_irq/irq.c.obj
 .rodata.hardware_alarm_claim.str1.4
                0x10005528       0x22 CMakeFiles/servo.dir/Users/michaelshipman/Developer/GHOUL/2024-Firmware/2024.0/pico-sdk/src/rp2_common/hardware_timer/timer.c.obj
 .rodata.panic.str1.4
                0x10005528       0x12 CMakeFiles/servo.dir/Users/michaelshipman/Developer/GHOUL/2024-Firmware/2024.0/pico-sdk/src/rp2_common/pico_runtime/runtime.c.obj
 .rodata.hard_assertion_failure.str1.4
                0x10005528        0xc CMakeFiles/servo.dir/Users/michaelshipman/Developer/GHOUL/2024-Firmware/2024.0/pico-sdk/src/rp2_common/pico_runtime/runtime.c.obj
 .rodata.str1.4
                0x10005528       0x3c CMakeFiles/servo.dir/Users/michaelshipman/Developer/GHOUL/2024-Firmware/2024.0/pico-sdk/src/rp2_common/pico_standard_link/binary_info.c.obj
 .rodata.__bi_81
                0x10005528        0xc CMakeFiles/servo.dir/Users/michaelshipman/Developer/GHOUL/2024-Firmware/2024.0/pico-sdk/src/rp2_common/pico_standard_link/binary_info.c.obj
 .rodata.__bi_75
                0x10005534        0xc CMakeFiles/servo.dir/Users/michaelshipman/Developer/GHOUL/2024-Firmware/2024.0/pico-sdk/src/rp2_common/pico_standard_link/binary_info.c.obj
 .rodata.__bi_44
                0x10005540        0xc CMakeFiles/servo.dir/Users/michaelshipman/Developer/GHOUL/2024-Firmware/2024.0/pico-sdk/src/rp2_common/pico_standard_link/binary_info.c.obj
 .rodata.crlf_str.0
                0x1000554c        0x2 CMakeFiles/servo.dir/Users/michaelshipman/Developer/GHOUL/2024-Firmware/2024.0/pico-sdk/src/rp2_common/pico_stdio/stdio.c.obj
 .rodata.str1.4
                0x1000554e       0x2c CMakeFiles/servo.dir/Users/michaelshipman/Developer/GHOUL/2024-Firmware/2024.0/pico-sdk/src/rp2_common/pico_stdio_uart/stdio_uart.c.obj
 *fill*         0x1000554e        0x2 
 .rodata.__bi_33.4
                0x10005550        0xc CMakeFiles/servo.dir/Users/michaelshipman/Developer/GHOUL/2024-Firmware/2024.0/pico-sdk/src/rp2_common/pico_stdio_uart/stdio_uart.c.obj
 .rodata.__bi_34.5
                0x1000555c        0x8 CMakeFiles/servo.dir/Users/michaelshipman/Developer/GHOUL/2024-Firmware/2024.0/pico-sdk/src/rp2_common/pico_stdio_uart/stdio_uart.c.obj
 .rodata._resetd_driver
                0x10005564       0x18 CMakeFiles/servo.dir/Users/michaelshipman/Developer/GHOUL/2024-Firmware/2024.0/pico-sdk/src/rp2_common/pico_stdio_usb/reset_interface.c.obj
 .rodata.str1.4
                0x1000557c       0x13 CMakeFiles/servo.dir/Users/michaelshipman/Developer/GHOUL/2024-Firmware/2024.0/pico-sdk/src/rp2_common/pico_stdio_usb/stdio_usb.c.obj
 .rodata.__bi_182.0
                0x1000557c        0xc CMakeFiles/servo.dir/Users/michaelshipman/Developer/GHOUL/2024-Firmware/2024.0/pico-sdk/src/rp2_common/pico_stdio_usb/stdio_usb.c.obj
 .rodata.str1.4
                0x10005588       0x2a CMakeFiles/servo.dir/Users/michaelshipman/Developer/GHOUL/2024-Firmware/2024.0/pico-sdk/src/rp2_common/pico_stdio_usb/stdio_usb_descriptors.c.obj
 .rodata.usbd_desc_str
                0x10005588       0x18 CMakeFiles/servo.dir/Users/michaelshipman/Developer/GHOUL/2024-Firmware/2024.0/pico-sdk/src/rp2_common/pico_stdio_usb/stdio_usb_descriptors.c.obj
 .rodata.usbd_desc_cfg
                0x100055a0       0x54 CMakeFiles/servo.dir/Users/michaelshipman/Developer/GHOUL/2024-Firmware/2024.0/pico-sdk/src/rp2_common/pico_stdio_usb/stdio_usb_descriptors.c.obj
 .rodata.usbd_desc_device
                0x100055f4       0x12 CMakeFiles/servo.dir/Users/michaelshipman/Developer/GHOUL/2024-Firmware/2024.0/pico-sdk/src/rp2_common/pico_stdio_usb/stdio_usb_descriptors.c.obj
 .rodata.str1.4
                0x10005606       0x14 CMakeFiles/servo.dir/Users/michaelshipman/Developer/GHOUL/2024-Firmware/2024.0/pico-sdk/lib/tinyusb/src/portable/raspberrypi/rp2040/dcd_rp2040.c.obj
 .rodata.str1.4
                0x10005606       0x53 CMakeFiles/servo.dir/Users/michaelshipman/Developer/GHOUL/2024-Firmware/2024.0/pico-sdk/lib/tinyusb/src/portable/raspberrypi/rp2040/rp2040_usb.c.obj
 *fill*         0x10005606        0x2 
 .rodata.tud_task_ext
                0x10005608       0x8c CMakeFiles/servo.dir/Users/michaelshipman/Developer/GHOUL/2024-Firmware/2024.0/pico-sdk/lib/tinyusb/src/device/usbd.c.obj
 .rodata._usbd_driver
                0x10005694       0x18 CMakeFiles/servo.dir/Users/michaelshipman/Developer/GHOUL/2024-Firmware/2024.0/pico-sdk/lib/tinyusb/src/device/usbd.c.obj
                0x100056ac                        . = ALIGN (0x4)
 *(SORT_BY_ALIGNMENT(SORT_BY_NAME(.flashdata*)))
                0x100056ac                        . = ALIGN (0x4)

.ARM.extab
 *(.ARM.extab* .gnu.linkonce.armextab.*)
                0x100056ac                        __exidx_start = .

.ARM.exidx
 *(.ARM.exidx* .gnu.linkonce.armexidx.*)
                0x100056ac                        __exidx_end = .
                0x100056ac                        . = ALIGN (0x4)
                0x100056ac                        __binary_info_start = .

.binary_info    0x100056ac       0x28
 *(.binary_info.keep.*)
 .binary_info.keep.__bi_ptr81
                0x100056ac        0x4 CMakeFiles/servo.dir/Users/michaelshipman/Developer/GHOUL/2024-Firmware/2024.0/pico-sdk/src/rp2_common/pico_standard_link/binary_info.c.obj
 .binary_info.keep.__bi_ptr75
                0x100056b0        0x4 CMakeFiles/servo.dir/Users/michaelshipman/Developer/GHOUL/2024-Firmware/2024.0/pico-sdk/src/rp2_common/pico_standard_link/binary_info.c.obj
 .binary_info.keep.__bi_ptr50
                0x100056b4        0x4 CMakeFiles/servo.dir/Users/michaelshipman/Developer/GHOUL/2024-Firmware/2024.0/pico-sdk/src/rp2_common/pico_standard_link/binary_info.c.obj
 .binary_info.keep.__bi_ptr44
                0x100056b8        0x4 CMakeFiles/servo.dir/Users/michaelshipman/Developer/GHOUL/2024-Firmware/2024.0/pico-sdk/src/rp2_common/pico_standard_link/binary_info.c.obj
 .binary_info.keep.__bi_ptr38
                0x100056bc        0x4 CMakeFiles/servo.dir/Users/michaelshipman/Developer/GHOUL/2024-Firmware/2024.0/pico-sdk/src/rp2_common/pico_standard_link/binary_info.c.obj
 .binary_info.keep.__bi_ptr30
                0x100056c0        0x4 CMakeFiles/servo.dir/Users/michaelshipman/Developer/GHOUL/2024-Firmware/2024.0/pico-sdk/src/rp2_common/pico_standard_link/binary_info.c.obj
 .binary_info.keep.__bi_ptr22
                0x100056c4        0x4 CMakeFiles/servo.dir/Users/michaelshipman/Developer/GHOUL/2024-Firmware/2024.0/pico-sdk/src/rp2_common/pico_standard_link/binary_info.c.obj
 *(.binary_info.*)
 .binary_info.__bi_ptr34
                0x100056c8        0x4 CMakeFiles/servo.dir/Users/michaelshipman/Developer/GHOUL/2024-Firmware/2024.0/pico-sdk/src/rp2_common/pico_stdio_uart/stdio_uart.c.obj
 .binary_info.__bi_ptr33
                0x100056cc        0x4 CMakeFiles/servo.dir/Users/michaelshipman/Developer/GHOUL/2024-Firmware/2024.0/pico-sdk/src/rp2_common/pico_stdio_uart/stdio_uart.c.obj
 .binary_info.__bi_ptr182
                0x100056d0        0x4 CMakeFiles/servo.dir/Users/michaelshipman/Developer/GHOUL/2024-Firmware/2024.0/pico-sdk/src/rp2_common/pico_stdio_usb/stdio_usb.c.obj
                0x100056d4                        __binary_info_end = .

.rel.dyn        0x100056d4        0x0
 .rel.iplt      0x100056d4        0x0 /Applications/ArmGNUToolchain/13.2.Rel1/arm-none-eabi/bin/../lib/gcc/arm-none-eabi/13.2.1/thumb/v6-m/nofp/crtbegin.o
                0x100056d4                        . = ALIGN (0x4)

.ram_vector_table
                0x20000000       0xc0
 *(.ram_vector_table)
 .ram_vector_table
                0x20000000       0xc0 CMakeFiles/servo.dir/Users/michaelshipman/Developer/GHOUL/2024-Firmware/2024.0/pico-sdk/src/rp2_common/pico_runtime/runtime.c.obj
                0x20000000                ram_vector_table

.data           0x200000c0      0xe48 load address 0x100056d4
                0x200000c0                        __data_start__ = .
 *(vtable)
 *(.time_critical*)
 .time_critical.mutex_try_enter
                0x200000c0       0x40 CMakeFiles/servo.dir/Users/michaelshipman/Developer/GHOUL/2024-Firmware/2024.0/pico-sdk/src/common/pico_sync/mutex.c.obj
                0x200000c0                mutex_try_enter
 .time_critical.mutex_try_enter_block_until
                0x20000100       0x9c CMakeFiles/servo.dir/Users/michaelshipman/Developer/GHOUL/2024-Firmware/2024.0/pico-sdk/src/common/pico_sync/mutex.c.obj
                0x20000100                mutex_try_enter_block_until
 .time_critical.mutex_enter_timeout_ms
                0x2000019c       0x90 CMakeFiles/servo.dir/Users/michaelshipman/Developer/GHOUL/2024-Firmware/2024.0/pico-sdk/src/common/pico_sync/mutex.c.obj
                0x2000019c                mutex_enter_timeout_ms
 .time_critical.mutex_exit
                0x2000022c       0x28 CMakeFiles/servo.dir/Users/michaelshipman/Developer/GHOUL/2024-Firmware/2024.0/pico-sdk/src/common/pico_sync/mutex.c.obj
                0x2000022c                mutex_exit
 .time_critical.flash_init_boot2_copyout
                0x20000254       0x30 CMakeFiles/servo.dir/Users/michaelshipman/Developer/GHOUL/2024-Firmware/2024.0/pico-sdk/src/rp2_common/hardware_flash/flash.c.obj
 .time_critical.flash_enable_xip_via_boot2
                0x20000284        0xc CMakeFiles/servo.dir/Users/michaelshipman/Developer/GHOUL/2024-Firmware/2024.0/pico-sdk/src/rp2_common/hardware_flash/flash.c.obj
 .time_critical.flash_cs_force
                0x20000290       0x38 CMakeFiles/servo.dir/Users/michaelshipman/Developer/GHOUL/2024-Firmware/2024.0/pico-sdk/src/rp2_common/hardware_flash/flash.c.obj
 .time_critical.flash_do_cmd
                0x200002c8       0xc0 CMakeFiles/servo.dir/Users/michaelshipman/Developer/GHOUL/2024-Firmware/2024.0/pico-sdk/src/rp2_common/hardware_flash/flash.c.obj
                0x200002c8                flash_do_cmd
 .time_critical.reset_non_control_endpoints
                0x20000388       0x68 CMakeFiles/servo.dir/Users/michaelshipman/Developer/GHOUL/2024-Firmware/2024.0/pico-sdk/lib/tinyusb/src/portable/raspberrypi/rp2040/dcd_rp2040.c.obj
 .time_critical.hw_handle_buff_status
                0x200003f0       0xb0 CMakeFiles/servo.dir/Users/michaelshipman/Developer/GHOUL/2024-Firmware/2024.0/pico-sdk/lib/tinyusb/src/portable/raspberrypi/rp2040/dcd_rp2040.c.obj
 .time_critical.dcd_rp2040_irq
                0x200004a0      0x510 CMakeFiles/servo.dir/Users/michaelshipman/Developer/GHOUL/2024-Firmware/2024.0/pico-sdk/lib/tinyusb/src/portable/raspberrypi/rp2040/dcd_rp2040.c.obj
 .time_critical.e15_is_bulkin_ep
                0x200009b0       0x28 CMakeFiles/servo.dir/Users/michaelshipman/Developer/GHOUL/2024-Firmware/2024.0/pico-sdk/lib/tinyusb/src/portable/raspberrypi/rp2040/rp2040_usb.c.obj
 .time_critical.e15_is_critical_frame_period
                0x200009d8       0x34 CMakeFiles/servo.dir/Users/michaelshipman/Developer/GHOUL/2024-Firmware/2024.0/pico-sdk/lib/tinyusb/src/portable/raspberrypi/rp2040/rp2040_usb.c.obj
 .time_critical.prepare_ep_buffer
                0x20000a0c       0x6c CMakeFiles/servo.dir/Users/michaelshipman/Developer/GHOUL/2024-Firmware/2024.0/pico-sdk/lib/tinyusb/src/portable/raspberrypi/rp2040/rp2040_usb.c.obj
 .time_critical.sync_ep_buffer
                0x20000a78       0x48 CMakeFiles/servo.dir/Users/michaelshipman/Developer/GHOUL/2024-Firmware/2024.0/pico-sdk/lib/tinyusb/src/portable/raspberrypi/rp2040/rp2040_usb.c.obj
 .time_critical._hw_endpoint_xfer_sync
                0x20000ac0       0x28 CMakeFiles/servo.dir/Users/michaelshipman/Developer/GHOUL/2024-Firmware/2024.0/pico-sdk/lib/tinyusb/src/portable/raspberrypi/rp2040/rp2040_usb.c.obj
 .time_critical.hw_endpoint_reset_transfer
                0x20000ae8        0xc CMakeFiles/servo.dir/Users/michaelshipman/Developer/GHOUL/2024-Firmware/2024.0/pico-sdk/lib/tinyusb/src/portable/raspberrypi/rp2040/rp2040_usb.c.obj
                0x20000ae8                hw_endpoint_reset_transfer
 .time_critical._hw_endpoint_buffer_control_update32
                0x20000af4       0x58 CMakeFiles/servo.dir/Users/michaelshipman/Developer/GHOUL/2024-Firmware/2024.0/pico-sdk/lib/tinyusb/src/portable/raspberrypi/rp2040/rp2040_usb.c.obj
                0x20000af4                _hw_endpoint_buffer_control_update32
 .time_critical.hw_endpoint_start_next_buffer
                0x20000b4c       0x6c CMakeFiles/servo.dir/Users/michaelshipman/Developer/GHOUL/2024-Firmware/2024.0/pico-sdk/lib/tinyusb/src/portable/raspberrypi/rp2040/rp2040_usb.c.obj
                0x20000b4c                hw_endpoint_start_next_buffer
 .time_critical.hw_endpoint_xfer_continue
                0x20000bb8       0x50 CMakeFiles/servo.dir/Users/michaelshipman/Developer/GHOUL/2024-Firmware/2024.0/pico-sdk/lib/tinyusb/src/portable/raspberrypi/rp2040/rp2040_usb.c.obj
                0x20000bb8                hw_endpoint_xfer_continue
 .time_critical.tinyusb
                0x20000c08      0x16c CMakeFiles/servo.dir/Users/michaelshipman/Developer/GHOUL/2024-Firmware/2024.0/pico-sdk/lib/tinyusb/src/device/usbd.c.obj
                0x20000c08                dcd_event_handler
 *(.text*)
 .text          0x20000d74        0x4 /Applications/ArmGNUToolchain/13.2.Rel1/arm-none-eabi/bin/../lib/gcc/arm-none-eabi/13.2.1/thumb/v6-m/nofp/libgcc.a(_dvmd_tls.o)
                0x20000d74                __aeabi_ldiv0
                0x20000d74                __aeabi_idiv0
 .text.__stub   0x20000d78       0x70 linker stubs
                0x20000de8                        . = ALIGN (0x4)
 *(.rodata*)
                0x20000de8                        . = ALIGN (0x4)
 *(.data*)
 .data.min_level
                0x20000de8        0x4 CMakeFiles/servo.dir/Users/michaelshipman/Developer/GHOUL/2024-Firmware/2024.0/vent-servo.c.obj
                0x20000de8                min_level
 .data.max_level
                0x20000dec        0x4 CMakeFiles/servo.dir/Users/michaelshipman/Developer/GHOUL/2024-Firmware/2024.0/vent-servo.c.obj
                0x20000dec                max_level
 .data.striped_spin_lock_num
                0x20000df0        0x1 CMakeFiles/servo.dir/Users/michaelshipman/Developer/GHOUL/2024-Firmware/2024.0/pico-sdk/src/rp2_common/hardware_sync/sync.c.obj
 *fill*         0x20000df1        0x3 
 .data          0x20000df4       0x48 CMakeFiles/servo.dir/Users/michaelshipman/Developer/GHOUL/2024-Firmware/2024.0/pico-sdk/src/rp2_common/hardware_irq/irq_handler_chain.S.obj
                0x20000df4                irq_handler_chain_slots
                0x20000e24                irq_handler_chain_first_slot
                0x20000e2e                irq_handler_chain_remove_tail
 .data.default_alarm_pool
                0x20000e3c       0x18 CMakeFiles/servo.dir/Users/michaelshipman/Developer/GHOUL/2024-Firmware/2024.0/pico-sdk/src/common/pico_time/time.c.obj
 .data.default_alarm_pool_heap
                0x20000e54       0x10 CMakeFiles/servo.dir/Users/michaelshipman/Developer/GHOUL/2024-Firmware/2024.0/pico-sdk/src/common/pico_time/time.c.obj
 *fill*         0x20000e64        0xc 
 .data.aeabi_bits_funcs
                0x20000e70       0x10 CMakeFiles/servo.dir/Users/michaelshipman/Developer/GHOUL/2024-Firmware/2024.0/pico-sdk/src/rp2_common/pico_bit_ops/bit_ops_aeabi.S.obj
                0x20000e70                aeabi_bits_funcs
                0x20000e80                aeabi_bits_funcs_end
 .data.aeabi_mem_funcs
                0x20000e80       0x10 CMakeFiles/servo.dir/Users/michaelshipman/Developer/GHOUL/2024-Firmware/2024.0/pico-sdk/src/rp2_common/pico_mem_ops/mem_ops_aeabi.S.obj
                0x20000e80                aeabi_mem_funcs
                0x20000e90                aeabi_mem_funcs_end
 .data.stdio_uart
                0x20000e90       0x18 CMakeFiles/servo.dir/Users/michaelshipman/Developer/GHOUL/2024-Firmware/2024.0/pico-sdk/src/rp2_common/pico_stdio_uart/stdio_uart.c.obj
                0x20000e90                stdio_uart
 .data.stdio_usb
                0x20000ea8       0x18 CMakeFiles/servo.dir/Users/michaelshipman/Developer/GHOUL/2024-Firmware/2024.0/pico-sdk/src/rp2_common/pico_stdio_usb/stdio_usb.c.obj
                0x20000ea8                stdio_usb
 .data.ep_dir_string
                0x20000ec0        0x8 CMakeFiles/servo.dir/Users/michaelshipman/Developer/GHOUL/2024-Firmware/2024.0/pico-sdk/lib/tinyusb/src/portable/raspberrypi/rp2040/rp2040_usb.c.obj
                0x20000ec0                ep_dir_string
 .data._usbd_qdef
                0x20000ec8       0x1c CMakeFiles/servo.dir/Users/michaelshipman/Developer/GHOUL/2024-Firmware/2024.0/pico-sdk/lib/tinyusb/src/device/usbd.c.obj
                0x20000ec8                _usbd_qdef
 .data._usbd_rhport
                0x20000ee4        0x1 CMakeFiles/servo.dir/Users/michaelshipman/Developer/GHOUL/2024-Firmware/2024.0/pico-sdk/lib/tinyusb/src/device/usbd.c.obj
                0x20000ee8                        . = ALIGN (0x4)
 *fill*         0x20000ee5        0x3 
 *(.after_data.*)
                0x20000ee8                        . = ALIGN (0x4)
                0x20000ee8                        PROVIDE (__mutex_array_start = .)
 *(SORT_BY_NAME(.mutex_array.*))
 *(.mutex_array)
 .mutex_array   0x20000ee8        0x8 CMakeFiles/servo.dir/Users/michaelshipman/Developer/GHOUL/2024-Firmware/2024.0/pico-sdk/src/rp2_common/pico_stdio/stdio.c.obj
                0x20000ef0                        PROVIDE (__mutex_array_end = .)
                0x20000ef0                        . = ALIGN (0x4)
                0x20000ef0                        PROVIDE (__preinit_array_start = .)
 *(SORT_BY_NAME(.preinit_array.*))
 .preinit_array.00001
                0x20000ef0        0x4 CMakeFiles/servo.dir/Users/michaelshipman/Developer/GHOUL/2024-Firmware/2024.0/pico-sdk/src/rp2_common/pico_mem_ops/mem_ops_aeabi.S.obj
 .preinit_array.00010
                0x20000ef4        0x4 CMakeFiles/servo.dir/Users/michaelshipman/Developer/GHOUL/2024-Firmware/2024.0/pico-sdk/src/rp2_common/pico_bit_ops/bit_ops_aeabi.S.obj
 .preinit_array.00020
                0x20000ef8        0x4 CMakeFiles/servo.dir/Users/michaelshipman/Developer/GHOUL/2024-Firmware/2024.0/pico-sdk/src/rp2_common/pico_double/double_aeabi.S.obj
 .preinit_array.00020
                0x20000efc        0x4 CMakeFiles/servo.dir/Users/michaelshipman/Developer/GHOUL/2024-Firmware/2024.0/pico-sdk/src/rp2_common/pico_float/float_aeabi.S.obj
 *(.preinit_array)
                0x20000f00                        PROVIDE (__preinit_array_end = .)
                0x20000f00                        . = ALIGN (0x4)
                0x20000f00                        PROVIDE (__init_array_start = .)
 *(SORT_BY_NAME(.init_array.*))
 *(.init_array)
 .init_array    0x20000f00        0x4 /Applications/ArmGNUToolchain/13.2.Rel1/arm-none-eabi/bin/../lib/gcc/arm-none-eabi/13.2.1/thumb/v6-m/nofp/crtbegin.o
 .init_array    0x20000f04        0x4 CMakeFiles/servo.dir/Users/michaelshipman/Developer/GHOUL/2024-Firmware/2024.0/pico-sdk/src/rp2_common/pico_unique_id/unique_id.c.obj
                0x20000f08                        PROVIDE (__init_array_end = .)
                0x20000f08                        . = ALIGN (0x4)
                [!provide]                        PROVIDE (__fini_array_start = .)
 *(SORT_BY_NAME(.fini_array.*))
 *(.fini_array)
                [!provide]                        PROVIDE (__fini_array_end = .)
 *(.jcr)
                0x20000f08                        . = ALIGN (0x4)
                0x20000f08                        __data_end__ = .
                0x100056d4                        __etext = LOADADDR (.data)

.tm_clone_table
                0x20000f08        0x0 load address 0x1000651c
 .tm_clone_table
                0x20000f08        0x0 /Applications/ArmGNUToolchain/13.2.Rel1/arm-none-eabi/bin/../lib/gcc/arm-none-eabi/13.2.1/thumb/v6-m/nofp/crtbegin.o
 .tm_clone_table
                0x20000f08        0x0 /Applications/ArmGNUToolchain/13.2.Rel1/arm-none-eabi/bin/../lib/gcc/arm-none-eabi/13.2.1/thumb/v6-m/nofp/crtend.o

.igot.plt       0x20000f08        0x0 load address 0x1000651c
 .igot.plt      0x20000f08        0x0 /Applications/ArmGNUToolchain/13.2.Rel1/arm-none-eabi/bin/../lib/gcc/arm-none-eabi/13.2.1/thumb/v6-m/nofp/crtbegin.o

.uninitialized_data
                0x20000f08        0x0 load address 0x1000651c
                0x20000f08                        . = ALIGN (0x4)
 *(.uninitialized_data*)

.scratch_x      0x20040000        0x0 load address 0x1000651c
                0x20040000                        __scratch_x_start__ = .
 *(.scratch_x.*)
                0x20040000                        . = ALIGN (0x4)
                0x20040000                        __scratch_x_end__ = .
                0x1000651c                        __scratch_x_source__ = LOADADDR (.scratch_x)

.scratch_y      0x20041000        0x0 load address 0x1000651c
                0x20041000                        __scratch_y_start__ = .
 *(.scratch_y.*)
                0x20041000                        . = ALIGN (0x4)
                0x20041000                        __scratch_y_end__ = .
                0x1000651c                        __scratch_y_source__ = LOADADDR (.scratch_y)

.bss            0x20000f08      0xda0
                0x20000f08                        . = ALIGN (0x4)
                0x20000f08                        __bss_start__ = .
 *(SORT_BY_ALIGNMENT(SORT_BY_NAME(.bss*)))
 .bss.configured_freq
                0x20000f08       0x28 CMakeFiles/servo.dir/Users/michaelshipman/Developer/GHOUL/2024-Firmware/2024.0/pico-sdk/src/rp2_common/hardware_clocks/clocks.c.obj
 .bss.default_alarm_pool_entries
                0x20000f30      0x100 CMakeFiles/servo.dir/Users/michaelshipman/Developer/GHOUL/2024-Firmware/2024.0/pico-sdk/src/common/pico_time/time.c.obj
 .bss.last_avail_time.1
                0x20001030        0x8 CMakeFiles/servo.dir/Users/michaelshipman/Developer/GHOUL/2024-Firmware/2024.0/pico-sdk/src/rp2_common/pico_stdio_usb/stdio_usb.c.obj
 .bss.sd_table  0x20001038      0x100 CMakeFiles/servo.dir/Users/michaelshipman/Developer/GHOUL/2024-Firmware/2024.0/pico-sdk/src/rp2_common/pico_double/double_init_rom.c.obj
                0x20001038                sd_table
 .bss.sf_table  0x20001138      0x100 CMakeFiles/servo.dir/Users/michaelshipman/Developer/GHOUL/2024-Firmware/2024.0/pico-sdk/src/rp2_common/pico_float/float_init_rom.c.obj
                0x20001138                sf_table
 .bss._app_driver
                0x20001238        0x4 CMakeFiles/servo.dir/Users/michaelshipman/Developer/GHOUL/2024-Firmware/2024.0/pico-sdk/lib/tinyusb/src/device/usbd.c.obj
 .bss._cdcd_itf
                0x2000123c      0x2c8 CMakeFiles/servo.dir/Users/michaelshipman/Developer/GHOUL/2024-Firmware/2024.0/pico-sdk/lib/tinyusb/src/class/cdc/cdc_device.c.obj
 .bss._ctrl_xfer
                0x20001504       0x14 CMakeFiles/servo.dir/Users/michaelshipman/Developer/GHOUL/2024-Firmware/2024.0/pico-sdk/lib/tinyusb/src/device/usbd_control.c.obj
 .bss._ubsd_mutexdef
                0x20001518        0x8 CMakeFiles/servo.dir/Users/michaelshipman/Developer/GHOUL/2024-Firmware/2024.0/pico-sdk/lib/tinyusb/src/device/usbd.c.obj
 .bss._usbd_ctrl_buf
                0x20001520       0x40 CMakeFiles/servo.dir/Users/michaelshipman/Developer/GHOUL/2024-Firmware/2024.0/pico-sdk/lib/tinyusb/src/device/usbd_control.c.obj
 .bss._usbd_dev
                0x20001560       0x53 CMakeFiles/servo.dir/Users/michaelshipman/Developer/GHOUL/2024-Firmware/2024.0/pico-sdk/lib/tinyusb/src/device/usbd.c.obj
 *fill*         0x200015b3        0x1 
 .bss._usbd_mutex
                0x200015b4        0x4 CMakeFiles/servo.dir/Users/michaelshipman/Developer/GHOUL/2024-Firmware/2024.0/pico-sdk/lib/tinyusb/src/device/usbd.c.obj
 .bss._usbd_q   0x200015b8        0x4 CMakeFiles/servo.dir/Users/michaelshipman/Developer/GHOUL/2024-Firmware/2024.0/pico-sdk/lib/tinyusb/src/device/usbd.c.obj
 .bss._usbd_qdef_buf
                0x200015bc       0xc0 CMakeFiles/servo.dir/Users/michaelshipman/Developer/GHOUL/2024-Firmware/2024.0/pico-sdk/lib/tinyusb/src/device/usbd.c.obj
                0x200015bc                _usbd_qdef_buf
 .bss.alarm_callbacks
                0x2000167c       0x10 CMakeFiles/servo.dir/Users/michaelshipman/Developer/GHOUL/2024-Firmware/2024.0/pico-sdk/src/rp2_common/hardware_timer/timer.c.obj
 .bss.boot2_copyout
                0x2000168c      0x100 CMakeFiles/servo.dir/Users/michaelshipman/Developer/GHOUL/2024-Firmware/2024.0/pico-sdk/src/rp2_common/hardware_flash/flash.c.obj
 .bss.chars_available_callback
                0x2000178c        0x4 CMakeFiles/servo.dir/Users/michaelshipman/Developer/GHOUL/2024-Firmware/2024.0/pico-sdk/src/rp2_common/pico_stdio_uart/stdio_uart.c.obj
 .bss.chars_available_callback
                0x20001790        0x4 CMakeFiles/servo.dir/Users/michaelshipman/Developer/GHOUL/2024-Firmware/2024.0/pico-sdk/src/rp2_common/pico_stdio_usb/stdio_usb.c.obj
 .bss.chars_available_param
                0x20001794        0x4 CMakeFiles/servo.dir/Users/michaelshipman/Developer/GHOUL/2024-Firmware/2024.0/pico-sdk/src/rp2_common/pico_stdio_uart/stdio_uart.c.obj
 .bss.chars_available_param
                0x20001798        0x4 CMakeFiles/servo.dir/Users/michaelshipman/Developer/GHOUL/2024-Firmware/2024.0/pico-sdk/src/rp2_common/pico_stdio_usb/stdio_usb.c.obj
 .bss.claimed   0x2000179c        0x4 CMakeFiles/servo.dir/Users/michaelshipman/Developer/GHOUL/2024-Firmware/2024.0/pico-sdk/src/rp2_common/hardware_sync/sync.c.obj
 .bss.current_level
                0x200017a0        0x4 CMakeFiles/servo.dir/Users/michaelshipman/Developer/GHOUL/2024-Firmware/2024.0/vent-servo.c.obj
                0x200017a0                current_level
 .bss.default_alarm_pool_entry_ids_high
                0x200017a4       0x10 CMakeFiles/servo.dir/Users/michaelshipman/Developer/GHOUL/2024-Firmware/2024.0/pico-sdk/src/common/pico_time/time.c.obj
 .bss.default_alarm_pool_heap_nodes
                0x200017b4       0x30 CMakeFiles/servo.dir/Users/michaelshipman/Developer/GHOUL/2024-Firmware/2024.0/pico-sdk/src/common/pico_time/time.c.obj
 .bss.desc_str.0
                0x200017e4       0x28 CMakeFiles/servo.dir/Users/michaelshipman/Developer/GHOUL/2024-Firmware/2024.0/pico-sdk/src/rp2_common/pico_stdio_usb/stdio_usb_descriptors.c.obj
 .bss.drivers   0x2000180c        0x4 CMakeFiles/servo.dir/Users/michaelshipman/Developer/GHOUL/2024-Firmware/2024.0/pico-sdk/src/rp2_common/pico_stdio/stdio.c.obj
 .bss.e15_last_sof
                0x20001810        0x4 CMakeFiles/servo.dir/Users/michaelshipman/Developer/GHOUL/2024-Firmware/2024.0/pico-sdk/lib/tinyusb/src/portable/raspberrypi/rp2040/rp2040_usb.c.obj
                0x20001810                e15_last_sof
 .bss.filter    0x20001814        0x4 CMakeFiles/servo.dir/Users/michaelshipman/Developer/GHOUL/2024-Firmware/2024.0/pico-sdk/src/rp2_common/pico_stdio/stdio.c.obj
 .bss.hw_endpoints
                0x20001818      0x400 CMakeFiles/servo.dir/Users/michaelshipman/Developer/GHOUL/2024-Firmware/2024.0/pico-sdk/lib/tinyusb/src/portable/raspberrypi/rp2040/dcd_rp2040.c.obj
 .bss.lazy_vsnprintf
                0x20001c18        0x4 CMakeFiles/servo.dir/Users/michaelshipman/Developer/GHOUL/2024-Firmware/2024.0/pico-sdk/src/rp2_common/pico_printf/printf.c.obj
 .bss.load_value
                0x20001c1c        0x4 CMakeFiles/servo.dir/Users/michaelshipman/Developer/GHOUL/2024-Firmware/2024.0/pico-sdk/src/rp2_common/hardware_watchdog/watchdog.c.obj
 .bss.next_buffer_ptr
                0x20001c20        0x4 CMakeFiles/servo.dir/Users/michaelshipman/Developer/GHOUL/2024-Firmware/2024.0/pico-sdk/lib/tinyusb/src/portable/raspberrypi/rp2040/dcd_rp2040.c.obj
 .bss.object.0  0x20001c24       0x18 /Applications/ArmGNUToolchain/13.2.Rel1/arm-none-eabi/bin/../lib/gcc/arm-none-eabi/13.2.1/thumb/v6-m/nofp/crtbegin.o
 .bss.one_shot_timer_crit_sec
                0x20001c3c        0x8 CMakeFiles/servo.dir/Users/michaelshipman/Developer/GHOUL/2024-Firmware/2024.0/pico-sdk/src/rp2_common/pico_stdio_usb/stdio_usb.c.obj
 .bss.pools     0x20001c44       0x10 CMakeFiles/servo.dir/Users/michaelshipman/Developer/GHOUL/2024-Firmware/2024.0/pico-sdk/src/common/pico_time/time.c.obj
 .bss.pwm_pin   0x20001c54        0x4 CMakeFiles/servo.dir/Users/michaelshipman/Developer/GHOUL/2024-Firmware/2024.0/vent-servo.c.obj
                0x20001c54                pwm_pin
 .bss.retrieved_id
                0x20001c58        0x8 CMakeFiles/servo.dir/Users/michaelshipman/Developer/GHOUL/2024-Firmware/2024.0/pico-sdk/src/rp2_common/pico_unique_id/unique_id.c.obj
 .bss.sf_clz_func
                0x20001c60        0x4 CMakeFiles/servo.dir/Users/michaelshipman/Developer/GHOUL/2024-Firmware/2024.0/pico-sdk/src/rp2_common/pico_double/double_init_rom.c.obj
                0x20001c60                sf_clz_func
 .bss.sleep_notifier
                0x20001c64        0x4 CMakeFiles/servo.dir/Users/michaelshipman/Developer/GHOUL/2024-Firmware/2024.0/pico-sdk/src/common/pico_time/time.c.obj
 .bss.slice_num
                0x20001c68        0x4 CMakeFiles/servo.dir/Users/michaelshipman/Developer/GHOUL/2024-Firmware/2024.0/vent-servo.c.obj
                0x20001c68                slice_num
 .bss.stdio_usb_mutex
                0x20001c6c        0x8 CMakeFiles/servo.dir/Users/michaelshipman/Developer/GHOUL/2024-Firmware/2024.0/pico-sdk/src/rp2_common/pico_stdio_usb/stdio_usb.c.obj
 .bss.target_hi
                0x20001c74       0x10 CMakeFiles/servo.dir/Users/michaelshipman/Developer/GHOUL/2024-Firmware/2024.0/pico-sdk/src/rp2_common/hardware_timer/timer.c.obj
 .bss.uart_char_to_line_feed
                0x20001c84        0x4 CMakeFiles/servo.dir/Users/michaelshipman/Developer/GHOUL/2024-Firmware/2024.0/pico-sdk/src/rp2_common/hardware_uart/uart.c.obj
                0x20001c84                uart_char_to_line_feed
 .bss.uart_instance
                0x20001c88        0x4 CMakeFiles/servo.dir/Users/michaelshipman/Developer/GHOUL/2024-Firmware/2024.0/pico-sdk/src/rp2_common/pico_stdio_uart/stdio_uart.c.obj
 .bss.usbd_serial_str
                0x20001c8c       0x11 CMakeFiles/servo.dir/Users/michaelshipman/Developer/GHOUL/2024-Firmware/2024.0/pico-sdk/src/rp2_common/pico_stdio_usb/stdio_usb_descriptors.c.obj
 .bss._app_driver_count
                0x20001c9d        0x1 CMakeFiles/servo.dir/Users/michaelshipman/Developer/GHOUL/2024-Firmware/2024.0/pico-sdk/lib/tinyusb/src/device/usbd.c.obj
 .bss._sof_enable
                0x20001c9e        0x1 CMakeFiles/servo.dir/Users/michaelshipman/Developer/GHOUL/2024-Firmware/2024.0/pico-sdk/lib/tinyusb/src/portable/raspberrypi/rp2040/dcd_rp2040.c.obj
 .bss.boot2_copyout_valid
                0x20001c9f        0x1 CMakeFiles/servo.dir/Users/michaelshipman/Developer/GHOUL/2024-Firmware/2024.0/pico-sdk/src/rp2_common/hardware_flash/flash.c.obj
 .bss.claimed   0x20001ca0        0x1 CMakeFiles/servo.dir/Users/michaelshipman/Developer/GHOUL/2024-Firmware/2024.0/pico-sdk/src/rp2_common/hardware_timer/timer.c.obj
 .bss.irq_hander_chain_free_slot_head
                0x20001ca1        0x1 CMakeFiles/servo.dir/Users/michaelshipman/Developer/GHOUL/2024-Firmware/2024.0/pico-sdk/src/rp2_common/hardware_irq/irq.c.obj
 .bss.itf_num   0x20001ca2        0x1 CMakeFiles/servo.dir/Users/michaelshipman/Developer/GHOUL/2024-Firmware/2024.0/pico-sdk/src/rp2_common/pico_stdio_usb/reset_interface.c.obj
 .bss.low_priority_irq_num
                0x20001ca3        0x1 CMakeFiles/servo.dir/Users/michaelshipman/Developer/GHOUL/2024-Firmware/2024.0/pico-sdk/src/rp2_common/pico_stdio_usb/stdio_usb.c.obj
 .bss.one_shot_timer_pending
                0x20001ca4        0x1 CMakeFiles/servo.dir/Users/michaelshipman/Developer/GHOUL/2024-Firmware/2024.0/pico-sdk/src/rp2_common/pico_stdio_usb/stdio_usb.c.obj
 .bss.timer_callbacks_pending
                0x20001ca5        0x1 CMakeFiles/servo.dir/Users/michaelshipman/Developer/GHOUL/2024-Firmware/2024.0/pico-sdk/src/rp2_common/hardware_timer/timer.c.obj
 .bss.user_irq_claimed
                0x20001ca6        0x1 CMakeFiles/servo.dir/Users/michaelshipman/Developer/GHOUL/2024-Firmware/2024.0/pico-sdk/src/rp2_common/hardware_irq/irq.c.obj
 *(COMMON)
                0x20001ca8                        . = ALIGN (0x4)
 *fill*         0x20001ca7        0x1 
                0x20001ca8                        __bss_end__ = .

.heap           0x20001ca8      0x800
                0x20001ca8                        __end__ = .
                0x20001ca8                        end = __end__
 *(.heap*)
 .heap          0x20001ca8      0x800 CMakeFiles/servo.dir/Users/michaelshipman/Developer/GHOUL/2024-Firmware/2024.0/pico-sdk/src/rp2_common/pico_standard_link/crt0.S.obj
                0x200024a8                        __HeapLimit = .

.stack1_dummy
 *(.stack1*)

.stack_dummy    0x20041000      0x800
 *(.stack*)
 .stack         0x20041000      0x800 CMakeFiles/servo.dir/Users/michaelshipman/Developer/GHOUL/2024-Firmware/2024.0/pico-sdk/src/rp2_common/pico_standard_link/crt0.S.obj

.flash_end      0x1000651c        0x0
                0x1000651c                        PROVIDE (__flash_binary_end = .)
                0x20040000                        __StackLimit = (ORIGIN (RAM) + LENGTH (RAM))
                0x20041000                        __StackOneTop = (ORIGIN (SCRATCH_X) + LENGTH (SCRATCH_X))
                0x20042000                        __StackTop = (ORIGIN (SCRATCH_Y) + LENGTH (SCRATCH_Y))
                0x20041000                        __StackOneBottom = (__StackOneTop - SIZEOF (.stack1_dummy))
                0x20041800                        __StackBottom = (__StackTop - SIZEOF (.stack_dummy))
                0x20042000                        PROVIDE (__stack = __StackTop)
                0x00000001                        ASSERT ((__StackLimit >= __HeapLimit), region RAM overflowed)
                0x00000001                        ASSERT (((__binary_info_header_end - __logical_binary_start) <= 0x100), Binary info must be in first 256 bytes of the binary)
LOAD CMakeFiles/servo.dir/test.c.obj
LOAD CMakeFiles/servo.dir/Users/michaelshipman/Developer/GHOUL/2024-Firmware/2024.0/vent-servo.c.obj
LOAD CMakeFiles/servo.dir/Users/michaelshipman/Developer/GHOUL/2024-Firmware/2024.0/pico-sdk/src/rp2_common/pico_stdlib/stdlib.c.obj
LOAD CMakeFiles/servo.dir/Users/michaelshipman/Developer/GHOUL/2024-Firmware/2024.0/pico-sdk/src/rp2_common/hardware_gpio/gpio.c.obj
LOAD CMakeFiles/servo.dir/Users/michaelshipman/Developer/GHOUL/2024-Firmware/2024.0/pico-sdk/src/rp2_common/pico_platform/platform.c.obj
LOAD CMakeFiles/servo.dir/Users/michaelshipman/Developer/GHOUL/2024-Firmware/2024.0/pico-sdk/src/rp2_common/hardware_claim/claim.c.obj
LOAD CMakeFiles/servo.dir/Users/michaelshipman/Developer/GHOUL/2024-Firmware/2024.0/pico-sdk/src/rp2_common/hardware_sync/sync.c.obj
LOAD CMakeFiles/servo.dir/Users/michaelshipman/Developer/GHOUL/2024-Firmware/2024.0/pico-sdk/src/rp2_common/hardware_irq/irq.c.obj
LOAD CMakeFiles/servo.dir/Users/michaelshipman/Developer/GHOUL/2024-Firmware/2024.0/pico-sdk/src/rp2_common/hardware_irq/irq_handler_chain.S.obj
LOAD CMakeFiles/servo.dir/Users/michaelshipman/Developer/GHOUL/2024-Firmware/2024.0/pico-sdk/src/common/pico_sync/sem.c.obj
LOAD CMakeFiles/servo.dir/Users/michaelshipman/Developer/GHOUL/2024-Firmware/2024.0/pico-sdk/src/common/pico_sync/lock_core.c.obj
LOAD CMakeFiles/servo.dir/Users/michaelshipman/Developer/GHOUL/2024-Firmware/2024.0/pico-sdk/src/common/pico_sync/mutex.c.obj
LOAD CMakeFiles/servo.dir/Users/michaelshipman/Developer/GHOUL/2024-Firmware/2024.0/pico-sdk/src/common/pico_sync/critical_section.c.obj
LOAD CMakeFiles/servo.dir/Users/michaelshipman/Developer/GHOUL/2024-Firmware/2024.0/pico-sdk/src/common/pico_time/time.c.obj
LOAD CMakeFiles/servo.dir/Users/michaelshipman/Developer/GHOUL/2024-Firmware/2024.0/pico-sdk/src/common/pico_time/timeout_helper.c.obj
LOAD CMakeFiles/servo.dir/Users/michaelshipman/Developer/GHOUL/2024-Firmware/2024.0/pico-sdk/src/rp2_common/hardware_timer/timer.c.obj
LOAD CMakeFiles/servo.dir/Users/michaelshipman/Developer/GHOUL/2024-Firmware/2024.0/pico-sdk/src/common/pico_util/datetime.c.obj
LOAD CMakeFiles/servo.dir/Users/michaelshipman/Developer/GHOUL/2024-Firmware/2024.0/pico-sdk/src/common/pico_util/pheap.c.obj
LOAD CMakeFiles/servo.dir/Users/michaelshipman/Developer/GHOUL/2024-Firmware/2024.0/pico-sdk/src/common/pico_util/queue.c.obj
LOAD CMakeFiles/servo.dir/Users/michaelshipman/Developer/GHOUL/2024-Firmware/2024.0/pico-sdk/src/rp2_common/hardware_uart/uart.c.obj
LOAD CMakeFiles/servo.dir/Users/michaelshipman/Developer/GHOUL/2024-Firmware/2024.0/pico-sdk/src/rp2_common/hardware_clocks/clocks.c.obj
LOAD CMakeFiles/servo.dir/Users/michaelshipman/Developer/GHOUL/2024-Firmware/2024.0/pico-sdk/src/rp2_common/hardware_pll/pll.c.obj
LOAD CMakeFiles/servo.dir/Users/michaelshipman/Developer/GHOUL/2024-Firmware/2024.0/pico-sdk/src/rp2_common/hardware_vreg/vreg.c.obj
LOAD CMakeFiles/servo.dir/Users/michaelshipman/Developer/GHOUL/2024-Firmware/2024.0/pico-sdk/src/rp2_common/hardware_watchdog/watchdog.c.obj
LOAD CMakeFiles/servo.dir/Users/michaelshipman/Developer/GHOUL/2024-Firmware/2024.0/pico-sdk/src/rp2_common/hardware_xosc/xosc.c.obj
LOAD CMakeFiles/servo.dir/Users/michaelshipman/Developer/GHOUL/2024-Firmware/2024.0/pico-sdk/src/rp2_common/hardware_divider/divider.S.obj
LOAD CMakeFiles/servo.dir/Users/michaelshipman/Developer/GHOUL/2024-Firmware/2024.0/pico-sdk/src/rp2_common/pico_runtime/runtime.c.obj
LOAD CMakeFiles/servo.dir/Users/michaelshipman/Developer/GHOUL/2024-Firmware/2024.0/pico-sdk/src/rp2_common/pico_printf/printf.c.obj
LOAD CMakeFiles/servo.dir/Users/michaelshipman/Developer/GHOUL/2024-Firmware/2024.0/pico-sdk/src/rp2_common/pico_bit_ops/bit_ops_aeabi.S.obj
LOAD CMakeFiles/servo.dir/Users/michaelshipman/Developer/GHOUL/2024-Firmware/2024.0/pico-sdk/src/rp2_common/pico_bootrom/bootrom.c.obj
LOAD CMakeFiles/servo.dir/Users/michaelshipman/Developer/GHOUL/2024-Firmware/2024.0/pico-sdk/src/rp2_common/pico_divider/divider.S.obj
LOAD CMakeFiles/servo.dir/Users/michaelshipman/Developer/GHOUL/2024-Firmware/2024.0/pico-sdk/src/rp2_common/pico_double/double_aeabi.S.obj
LOAD CMakeFiles/servo.dir/Users/michaelshipman/Developer/GHOUL/2024-Firmware/2024.0/pico-sdk/src/rp2_common/pico_double/double_init_rom.c.obj
LOAD CMakeFiles/servo.dir/Users/michaelshipman/Developer/GHOUL/2024-Firmware/2024.0/pico-sdk/src/rp2_common/pico_double/double_math.c.obj
LOAD CMakeFiles/servo.dir/Users/michaelshipman/Developer/GHOUL/2024-Firmware/2024.0/pico-sdk/src/rp2_common/pico_double/double_v1_rom_shim.S.obj
LOAD CMakeFiles/servo.dir/Users/michaelshipman/Developer/GHOUL/2024-Firmware/2024.0/pico-sdk/src/rp2_common/pico_int64_ops/pico_int64_ops_aeabi.S.obj
LOAD CMakeFiles/servo.dir/Users/michaelshipman/Developer/GHOUL/2024-Firmware/2024.0/pico-sdk/src/rp2_common/pico_float/float_aeabi.S.obj
LOAD CMakeFiles/servo.dir/Users/michaelshipman/Developer/GHOUL/2024-Firmware/2024.0/pico-sdk/src/rp2_common/pico_float/float_init_rom.c.obj
LOAD CMakeFiles/servo.dir/Users/michaelshipman/Developer/GHOUL/2024-Firmware/2024.0/pico-sdk/src/rp2_common/pico_float/float_math.c.obj
LOAD CMakeFiles/servo.dir/Users/michaelshipman/Developer/GHOUL/2024-Firmware/2024.0/pico-sdk/src/rp2_common/pico_float/float_v1_rom_shim.S.obj
LOAD CMakeFiles/servo.dir/Users/michaelshipman/Developer/GHOUL/2024-Firmware/2024.0/pico-sdk/src/rp2_common/pico_malloc/pico_malloc.c.obj
LOAD CMakeFiles/servo.dir/Users/michaelshipman/Developer/GHOUL/2024-Firmware/2024.0/pico-sdk/src/rp2_common/pico_mem_ops/mem_ops_aeabi.S.obj
LOAD CMakeFiles/servo.dir/Users/michaelshipman/Developer/GHOUL/2024-Firmware/2024.0/pico-sdk/src/rp2_common/pico_standard_link/crt0.S.obj
LOAD CMakeFiles/servo.dir/Users/michaelshipman/Developer/GHOUL/2024-Firmware/2024.0/pico-sdk/src/rp2_common/pico_standard_link/new_delete.cpp.obj
LOAD CMakeFiles/servo.dir/Users/michaelshipman/Developer/GHOUL/2024-Firmware/2024.0/pico-sdk/src/rp2_common/pico_standard_link/binary_info.c.obj
LOAD CMakeFiles/servo.dir/Users/michaelshipman/Developer/GHOUL/2024-Firmware/2024.0/pico-sdk/src/rp2_common/pico_stdio/stdio.c.obj
LOAD CMakeFiles/servo.dir/Users/michaelshipman/Developer/GHOUL/2024-Firmware/2024.0/pico-sdk/src/rp2_common/pico_stdio_uart/stdio_uart.c.obj
LOAD CMakeFiles/servo.dir/Users/michaelshipman/Developer/GHOUL/2024-Firmware/2024.0/pico-sdk/src/rp2_common/pico_stdio_usb/reset_interface.c.obj
LOAD CMakeFiles/servo.dir/Users/michaelshipman/Developer/GHOUL/2024-Firmware/2024.0/pico-sdk/src/rp2_common/pico_stdio_usb/stdio_usb.c.obj
LOAD CMakeFiles/servo.dir/Users/michaelshipman/Developer/GHOUL/2024-Firmware/2024.0/pico-sdk/src/rp2_common/pico_stdio_usb/stdio_usb_descriptors.c.obj
LOAD CMakeFiles/servo.dir/Users/michaelshipman/Developer/GHOUL/2024-Firmware/2024.0/pico-sdk/src/rp2_common/pico_unique_id/unique_id.c.obj
LOAD CMakeFiles/servo.dir/Users/michaelshipman/Developer/GHOUL/2024-Firmware/2024.0/pico-sdk/src/rp2_common/hardware_flash/flash.c.obj
LOAD CMakeFiles/servo.dir/Users/michaelshipman/Developer/GHOUL/2024-Firmware/2024.0/pico-sdk/lib/tinyusb/src/portable/raspberrypi/rp2040/dcd_rp2040.c.obj
LOAD CMakeFiles/servo.dir/Users/michaelshipman/Developer/GHOUL/2024-Firmware/2024.0/pico-sdk/lib/tinyusb/src/portable/raspberrypi/rp2040/rp2040_usb.c.obj
LOAD CMakeFiles/servo.dir/Users/michaelshipman/Developer/GHOUL/2024-Firmware/2024.0/pico-sdk/lib/tinyusb/src/device/usbd.c.obj
LOAD CMakeFiles/servo.dir/Users/michaelshipman/Developer/GHOUL/2024-Firmware/2024.0/pico-sdk/lib/tinyusb/src/device/usbd_control.c.obj
LOAD CMakeFiles/servo.dir/Users/michaelshipman/Developer/GHOUL/2024-Firmware/2024.0/pico-sdk/lib/tinyusb/src/class/audio/audio_device.c.obj
LOAD CMakeFiles/servo.dir/Users/michaelshipman/Developer/GHOUL/2024-Firmware/2024.0/pico-sdk/lib/tinyusb/src/class/cdc/cdc_device.c.obj
LOAD CMakeFiles/servo.dir/Users/michaelshipman/Developer/GHOUL/2024-Firmware/2024.0/pico-sdk/lib/tinyusb/src/class/dfu/dfu_device.c.obj
LOAD CMakeFiles/servo.dir/Users/michaelshipman/Developer/GHOUL/2024-Firmware/2024.0/pico-sdk/lib/tinyusb/src/class/dfu/dfu_rt_device.c.obj
LOAD CMakeFiles/servo.dir/Users/michaelshipman/Developer/GHOUL/2024-Firmware/2024.0/pico-sdk/lib/tinyusb/src/class/hid/hid_device.c.obj
LOAD CMakeFiles/servo.dir/Users/michaelshipman/Developer/GHOUL/2024-Firmware/2024.0/pico-sdk/lib/tinyusb/src/class/midi/midi_device.c.obj
LOAD CMakeFiles/servo.dir/Users/michaelshipman/Developer/GHOUL/2024-Firmware/2024.0/pico-sdk/lib/tinyusb/src/class/msc/msc_device.c.obj
LOAD CMakeFiles/servo.dir/Users/michaelshipman/Developer/GHOUL/2024-Firmware/2024.0/pico-sdk/lib/tinyusb/src/class/net/ecm_rndis_device.c.obj
LOAD CMakeFiles/servo.dir/Users/michaelshipman/Developer/GHOUL/2024-Firmware/2024.0/pico-sdk/lib/tinyusb/src/class/net/ncm_device.c.obj
LOAD CMakeFiles/servo.dir/Users/michaelshipman/Developer/GHOUL/2024-Firmware/2024.0/pico-sdk/lib/tinyusb/src/class/usbtmc/usbtmc_device.c.obj
LOAD CMakeFiles/servo.dir/Users/michaelshipman/Developer/GHOUL/2024-Firmware/2024.0/pico-sdk/lib/tinyusb/src/class/vendor/vendor_device.c.obj
LOAD CMakeFiles/servo.dir/Users/michaelshipman/Developer/GHOUL/2024-Firmware/2024.0/pico-sdk/lib/tinyusb/src/class/video/video_device.c.obj
LOAD CMakeFiles/servo.dir/Users/michaelshipman/Developer/GHOUL/2024-Firmware/2024.0/pico-sdk/lib/tinyusb/src/portable/raspberrypi/pio_usb/dcd_pio_usb.c.obj
LOAD CMakeFiles/servo.dir/Users/michaelshipman/Developer/GHOUL/2024-Firmware/2024.0/pico-sdk/lib/tinyusb/src/tusb.c.obj
LOAD CMakeFiles/servo.dir/Users/michaelshipman/Developer/GHOUL/2024-Firmware/2024.0/pico-sdk/lib/tinyusb/src/common/tusb_fifo.c.obj
LOAD CMakeFiles/servo.dir/Users/michaelshipman/Developer/GHOUL/2024-Firmware/2024.0/pico-sdk/src/rp2_common/pico_fix/rp2040_usb_device_enumeration/rp2040_usb_device_enumeration.c.obj
LOAD /var/folders/n7/t1959y0j4_gczygmz5tcw0qc0000gn/T//ccRJcbUM.o
LOAD /Applications/ArmGNUToolchain/13.2.Rel1/arm-none-eabi/bin/../lib/gcc/arm-none-eabi/13.2.1/../../../../arm-none-eabi/lib/thumb/v6-m/nofp/libstdc++.a
LOAD /Applications/ArmGNUToolchain/13.2.Rel1/arm-none-eabi/bin/../lib/gcc/arm-none-eabi/13.2.1/../../../../arm-none-eabi/lib/thumb/v6-m/nofp/libm.a
START GROUP
LOAD /Applications/ArmGNUToolchain/13.2.Rel1/arm-none-eabi/bin/../lib/gcc/arm-none-eabi/13.2.1/thumb/v6-m/nofp/libgcc.a
LOAD /Applications/ArmGNUToolchain/13.2.Rel1/arm-none-eabi/bin/../lib/gcc/arm-none-eabi/13.2.1/../../../../arm-none-eabi/lib/thumb/v6-m/nofp/libc.a
END GROUP
START GROUP
LOAD /Applications/ArmGNUToolchain/13.2.Rel1/arm-none-eabi/bin/../lib/gcc/arm-none-eabi/13.2.1/thumb/v6-m/nofp/libgcc.a
LOAD /Applications/ArmGNUToolchain/13.2.Rel1/arm-none-eabi/bin/../lib/gcc/arm-none-eabi/13.2.1/../../../../arm-none-eabi/lib/thumb/v6-m/nofp/libc.a